Component: ARM Compiler 5.06 update 7 (build 960) Tool: armlink [4d3601]

==============================================================================

Section Cross References

    startup_fm33lc0xx.o(STACK) refers (Special) to heapauxi.o(.text) for __use_two_region_memory
    startup_fm33lc0xx.o(HEAP) refers (Special) to heapauxi.o(.text) for __use_two_region_memory
    startup_fm33lc0xx.o(RESET) refers (Special) to heapauxi.o(.text) for __use_two_region_memory
    startup_fm33lc0xx.o(RESET) refers to startup_fm33lc0xx.o(STACK) for __initial_sp
    startup_fm33lc0xx.o(RESET) refers to startup_fm33lc0xx.o(.text) for Reset_Handler
    startup_fm33lc0xx.o(RESET) refers to uart.o(i.UART0_IRQHandler) for UART0_IRQHandler
    startup_fm33lc0xx.o(.text) refers (Special) to heapauxi.o(.text) for __use_two_region_memory
    startup_fm33lc0xx.o(.text) refers to system_fm33lc0xx.o(i.SystemInit) for SystemInit
    startup_fm33lc0xx.o(.text) refers to __main.o(!!!main) for __main
    startup_fm33lc0xx.o(.text) refers to startup_fm33lc0xx.o(HEAP) for Heap_Mem
    startup_fm33lc0xx.o(.text) refers to startup_fm33lc0xx.o(STACK) for Stack_Mem
    main.o(i.main) refers to app.o(i.App_Init) for App_Init
    main.o(i.main) refers to app.o(i.App_Handle) for App_Handle
    app.o(i.App_Handle) refers to rt_memclr.o(.text) for __aeabi_memclr
    app.o(i.App_Handle) refers to iap.o(i.iap_recv_proc) for iap_recv_proc
    app.o(i.App_Handle) refers to iap.o(i.iap_write_flash) for iap_write_flash
    app.o(i.App_Handle) refers to app.o(i.deinit_system) for deinit_system
    app.o(i.App_Handle) refers to iap.o(i.iap_load_app) for iap_load_app
    app.o(i.App_Handle) refers to strlen.o(.text) for strlen
    app.o(i.App_Handle) refers to iap.o(i.iap_ack) for iap_ack
    app.o(i.App_Handle) refers to fm33lc0xx_ll_flash.o(i.LL_FLASH_SectorErase) for LL_FLASH_SectorErase
    app.o(i.App_Handle) refers to app.o(.bss) for pack_data
    app.o(i.App_Handle) refers to app.o(.data) for len
    app.o(i.App_Init) refers to mf_config.o(i.MF_GPIO_Config) for MF_GPIO_Config
    app.o(i.App_Init) refers to systick.o(i.User_Systick_Init) for User_Systick_Init
    app.o(i.App_Init) refers to flash.o(i.flash_read_word) for flash_read_word
    app.o(i.App_Init) refers to iap.o(i.iap_load_app) for iap_load_app
    app.o(i.App_Init) refers to uart.o(i.uart_init) for uart_init
    app.o(i.deinit_system) refers to fm33lc0xx_ll_gpio.o(i.LL_GPIO_ALLPIN_LPM_MODE) for LL_GPIO_ALLPIN_LPM_MODE
    systick.o(i.User_Systick_Init) refers to systick.o(i.clock_init) for clock_init
    systick.o(i.clock_init) refers to systick.o(i.LL_RCC_SetRCHFFrequency) for LL_RCC_SetRCHFFrequency
    systick.o(i.clock_init) refers to systick.o(i.LL_RCC_SetRCHFTrimValue) for LL_RCC_SetRCHFTrimValue
    systick.o(i.clock_init) refers to systick.o(.data) for systemClock
    mf_config.o(i.MF_GPIO_Config) refers to fm33lc0xx_ll_gpio.o(i.LL_GPIO_ALLPIN_LPM_MODE) for LL_GPIO_ALLPIN_LPM_MODE
    flash.o(i.flash_erase_sector) refers to fm33lc0xx_ll_flash.o(i.LL_FLASH_PageErase) for LL_FLASH_PageErase
    flash.o(i.flash_program_buff) refers to fm33lc0xx_ll_flash.o(i.LL_FLASH_Program_Word) for LL_FLASH_Program_Word
    flash.o(i.flash_write_buff) refers to flash.o(i.flash_program_buff) for flash_program_buff
    iap.o(i.cal_crc16) refers to iap.o(.constdata) for s_CRCH
    iap.o(i.iap_ack) refers to rt_memclr.o(.text) for __aeabi_memclr4
    iap.o(i.iap_ack) refers to rt_memcpy.o(.text) for __aeabi_memcpy
    iap.o(i.iap_ack) refers to iap.o(i.cal_crc16) for cal_crc16
    iap.o(i.iap_ack) refers to uart.o(i.uart_transmit_buf) for uart_transmit_buf
    iap.o(i.iap_ack) refers to iap.o(.constdata) for .constdata
    iap.o(i.iap_done) refers to fm33lc0xx_ll_flash.o(i.LL_FLASH_PageErase) for LL_FLASH_PageErase
    iap.o(i.iap_done) refers to flash.o(i.flash_write_buff) for flash_write_buff
    iap.o(i.iap_done) refers to iap.o(i.iap_load_app) for iap_load_app
    iap.o(i.iap_recv_proc) refers to uart.o(i.uart_recv_data) for uart_recv_data
    iap.o(i.iap_recv_proc) refers to iap.o(i.cal_crc16) for cal_crc16
    iap.o(i.iap_write_flash) refers to _printf_percent.o(.ARM.Collect$$_printf_percent$$00000000) for _printf_percent
    iap.o(i.iap_write_flash) refers to _printf_d.o(.ARM.Collect$$_printf_percent$$00000009) for _printf_d
    iap.o(i.iap_write_flash) refers to _printf_dec.o(.text) for _printf_int_dec
    iap.o(i.iap_write_flash) refers to rt_memcpy.o(.text) for __aeabi_memcpy
    iap.o(i.iap_write_flash) refers to flash.o(i.flash_write_buff) for flash_write_buff
    iap.o(i.iap_write_flash) refers to strcat.o(.text) for strcat
    iap.o(i.iap_write_flash) refers to noretval__2sprintf.o(.text) for __2sprintf
    iap.o(i.iap_write_flash) refers to strlen.o(.text) for strlen
    iap.o(i.iap_write_flash) refers to iap.o(i.iap_ack) for iap_ack
    iap.o(i.iap_write_flash) refers to iap.o(.bss) for flash_buff
[...]
    Removing fm33lc0xx_ll_adc.o(i.LL_ADC_StructInit), (64 bytes).
    Removing fm33lc0xx_ll_adc.o(i.LL_RCC_DisableResetAPB2Peripheral), (16 bytes).
    Removing fm33lc0xx_ll_adc.o(i.LL_RCC_EnableResetAPB2Peripheral), (16 bytes).
    Removing fm33lc0xx_ll_aes.o(.rev16_text), (4 bytes).
    Removing fm33lc0xx_ll_aes.o(.revsh_text), (4 bytes).
    Removing fm33lc0xx_ll_aes.o(i.LL_AES_DeInit), (76 bytes).
    Removing fm33lc0xx_ll_aes.o(i.LL_AES_Init), (304 bytes).
    Removing fm33lc0xx_ll_aes.o(i.LL_AES_StructInit), (12 bytes).
    Removing fm33lc0xx_ll_atim.o(.rev16_text), (4 bytes).
    Removing fm33lc0xx_ll_atim.o(.revsh_text), (4 bytes).
    Removing fm33lc0xx_ll_atim.o(i.LL_ATIM_BDTR_Init), (576 bytes).
    Removing fm33lc0xx_ll_atim.o(i.LL_ATIM_BDTR_StructInit), (34 bytes).
    Removing fm33lc0xx_ll_atim.o(i.LL_ATIM_DeInit), (124 bytes).
    Removing fm33lc0xx_ll_atim.o(i.LL_ATIM_DisableNormalChannelOutput), (16 bytes).
    Removing fm33lc0xx_ll_atim.o(i.LL_ATIM_ETRStructInit), (12 bytes).
    Removing fm33lc0xx_ll_atim.o(i.LL_ATIM_ETR_Init), (374 bytes).
    Removing fm33lc0xx_ll_atim.o(i.LL_ATIM_GenerateEvent_UPDATE), (10 bytes).
    Removing fm33lc0xx_ll_atim.o(i.LL_ATIM_IC_Init), (532 bytes).
    Removing fm33lc0xx_ll_atim.o(i.LL_ATIM_IC_StructInit), (18 bytes).
    Removing fm33lc0xx_ll_atim.o(i.LL_ATIM_Init), (384 bytes).
    Removing fm33lc0xx_ll_atim.o(i.LL_ATIM_OC_Init), (508 bytes).
    Removing fm33lc0xx_ll_atim.o(i.LL_ATIM_OC_StructInit), (24 bytes).
    Removing fm33lc0xx_ll_atim.o(i.LL_ATIM_SetChannelMode), (54 bytes).
    Removing fm33lc0xx_ll_atim.o(i.LL_ATIM_SetCounterAlignedMode), (12 bytes).
    Removing fm33lc0xx_ll_atim.o(i.LL_ATIM_SetSlaveMode), (12 bytes).
    Removing fm33lc0xx_ll_atim.o(i.LL_ATIM_SlaveModeStructInit), (14 bytes).
    Removing fm33lc0xx_ll_atim.o(i.LL_ATIM_SlaveMode_Init), (216 bytes).
    Removing fm33lc0xx_ll_atim.o(i.LL_ATIM_StructInit), (28 bytes).
    Removing fm33lc0xx_ll_atim.o(i.LL_RCC_Group1_EnableOperationClock), (16 bytes).
    Removing fm33lc0xx_ll_atim.o(i.LL_RCC_Group4_EnableBusClock), (16 bytes).
    Removing fm33lc0xx_ll_atim.o(i.OCConfig), (428 bytes).
    Removing fm33lc0xx_ll_bstim.o(.rev16_text), (4 bytes).
    Removing fm33lc0xx_ll_bstim.o(.revsh_text), (4 bytes).
    Removing fm33lc0xx_ll_bstim.o(i.LL_BSTIM_DeInit), (124 bytes).
    Removing fm33lc0xx_ll_bstim.o(i.LL_BSTIM_Init), (292 bytes).
    Removing fm33lc0xx_ll_bstim.o(i.LL_BSTIM_StructInit), (18 bytes).
    Removing fm33lc0xx_ll_comp.o(.rev16_text), (4 bytes).
    Removing fm33lc0xx_ll_comp.o(.revsh_text), (4 bytes).
    Removing fm33lc0xx_ll_comp.o(i.LL_COMP_DeInit), (44 bytes).
    Removing fm33lc0xx_ll_comp.o(i.LL_COMP_Init), (412 bytes).
    Removing fm33lc0xx_ll_comp.o(i.LL_COMP_StructInit), (16 bytes).
    Removing fm33lc0xx_ll_crc.o(.rev16_text), (4 bytes).
    Removing fm33lc0xx_ll_crc.o(.revsh_text), (4 bytes).
    Removing fm33lc0xx_ll_crc.o(i.LL_CRC_DeInit), (108 bytes).
    Removing fm33lc0xx_ll_crc.o(i.LL_CRC_Init), (364 bytes).
    Removing fm33lc0xx_ll_crc.o(i.LL_CRC_StructInit), (24 bytes).
    Removing fm33lc0xx_ll_dma.o(.rev16_text), (4 bytes).
    Removing fm33lc0xx_ll_dma.o(.revsh_text), (4 bytes).
    Removing fm33lc0xx_ll_dma.o(i.LL_DMA_DeInit), (108 bytes).
    Removing fm33lc0xx_ll_dma.o(i.LL_DMA_Init), (832 bytes).
    Removing fm33lc0xx_ll_dma.o(i.LL_DMA_IsActiveFlag_ADDRERR), (14 bytes).
    Removing fm33lc0xx_ll_dma.o(i.LL_DMA_StructInit), (20 bytes).
    Removing fm33lc0xx_ll_dma.o(i.LL_StartOnceDMATransmion), (224 bytes).
    Removing fm33lc0xx_ll_flash.o(.rev16_text), (4 bytes).
    Removing fm33lc0xx_ll_flash.o(.revsh_text), (4 bytes).
    Removing fm33lc0xx_ll_flash.o(i.LL_FLASH_PageErase), (284 bytes).
    Removing fm33lc0xx_ll_flash.o(i.LL_FLASH_Program_Page), (296 bytes).
    Removing fm33lc0xx_ll_flash.o(i.LL_FLASH_Program_Sector), (292 bytes).
    Removing fm33lc0xx_ll_gpio.o(.rev16_text), (4 bytes).
    Removing fm33lc0xx_ll_gpio.o(.revsh_text), (4 bytes).
    Removing fm33lc0xx_ll_gpio.o(i.LL_GPIO_DeInit), (76 bytes).
    Removing fm33lc0xx_ll_gptim.o(.rev16_text), (4 bytes).
    Removing fm33lc0xx_ll_gptim.o(.revsh_text), (4 bytes).
    Removing fm33lc0xx_ll_gptim.o(i.LL_GPTIM_DeInit), (140 bytes).
    Removing fm33lc0xx_ll_gptim.o(i.LL_GPTIM_DisableNormalChannelOutput), (16 bytes).
    Removing fm33lc0xx_ll_gptim.o(i.LL_GPTIM_ETRStructInit), (12 bytes).
    Removing fm33lc0xx_ll_gptim.o(i.LL_GPTIM_ETR_Init), (384 bytes).
    Removing fm33lc0xx_ll_gptim.o(i.LL_GPTIM_GenerateEvent_UPDATE), (10 bytes).
    Removing fm33lc0xx_ll_gptim.o(i.LL_GPTIM_IC_Init), (548 bytes).
    Removing fm33lc0xx_ll_gptim.o(i.LL_GPTIM_IC_StructInit), (18 bytes).
    Removing fm33lc0xx_ll_gptim.o(i.LL_GPTIM_Init), (300 bytes).
    Removing fm33lc0xx_ll_gptim.o(i.LL_GPTIM_OC_Init), (312 bytes).
    Removing fm33lc0xx_ll_gptim.o(i.LL_GPTIM_OC_StructInit), (16 bytes).
    Removing fm33lc0xx_ll_gptim.o(i.LL_GPTIM_SetChannelMode), (54 bytes).
    Removing fm33lc0xx_ll_gptim.o(i.LL_GPTIM_SetCounterAlignedMode), (12 bytes).
    Removing fm33lc0xx_ll_gptim.o(i.LL_GPTIM_SetSlaveMode), (12 bytes).
    Removing fm33lc0xx_ll_gptim.o(i.LL_GPTIM_SlaveModeStructInit), (16 bytes).
    Removing fm33lc0xx_ll_gptim.o(i.LL_GPTIM_SlaveMode_Init), (316 bytes).
    Removing fm33lc0xx_ll_gptim.o(i.LL_GPTIM_StructInit), (24 bytes).
    Removing fm33lc0xx_ll_gptim.o(i.LL_RCC_DisableResetAPB2Peripheral), (16 bytes).
    Removing fm33lc0xx_ll_gptim.o(i.LL_RCC_EnableResetAPB2Peripheral), (16 bytes).
    Removing fm33lc0xx_ll_gptim.o(i.LL_RCC_Group4_DisableBusClock), (16 bytes).
    Removing fm33lc0xx_ll_gptim.o(i.LL_RCC_Group4_EnableBusClock), (16 bytes).
    Removing fm33lc0xx_ll_gptim.o(i.OCConfig), (290 bytes).
    Removing fm33lc0xx_ll_gptim.o(i.SetITRxInputSrc), (196 bytes).
    Removing fm33lc0xx_ll_hdiv.o(.rev16_text), (4 bytes).
    Removing fm33lc0xx_ll_hdiv.o(.revsh_text), (4 bytes).
    Removing fm33lc0xx_ll_hdiv.o(i.LL_HDIV_Calculation), (112 bytes).
    Removing fm33lc0xx_ll_hdiv.o(i.LL_HDIV_DeInit), (88 bytes).
    Removing fm33lc0xx_ll_hdiv.o(i.LL_HDIV_Init), (56 bytes).
    Removing fm33lc0xx_ll_i2c.o(.rev16_text), (4 bytes).
    Removing fm33lc0xx_ll_i2c.o(.revsh_text), (4 bytes).
    Removing fm33lc0xx_ll_i2c.o(i.LL_I2C_DeInit), (120 bytes).
    Removing fm33lc0xx_ll_i2c.o(i.LL_I2C_MasterMode_Init), (372 bytes).
    Removing fm33lc0xx_ll_i2c.o(i.LL_I2C_MasterMode_StructInit), (16 bytes).
    Removing fm33lc0xx_ll_i2c.o(i.LL_I2C_SlaveMode_Init), (268 bytes).
    Removing fm33lc0xx_ll_i2c.o(i.LL_I2C_SlaveMode_Set_SlaveAddr), (12 bytes).
    Removing fm33lc0xx_ll_i2c.o(i.LL_I2C_SlaveMode_StructInit), (14 bytes).
    Removing fm33lc0xx_ll_i2c.o(i.LL_RCC_Group3_EnableBusClock), (16 bytes).
    Removing fm33lc0xx_ll_iwdt.o(.rev16_text), (4 bytes).
    Removing fm33lc0xx_ll_iwdt.o(.revsh_text), (4 bytes).
    Removing fm33lc0xx_ll_iwdt.o(i.LL_IWDT_DeInit), (36 bytes).
    Removing fm33lc0xx_ll_iwdt.o(i.LL_IWDT_Init), (192 bytes).
    Removing fm33lc0xx_ll_iwdt.o(i.LL_IWDT_StructInit), (10 bytes).
    Removing fm33lc0xx_ll_lcd.o(.rev16_text), (4 bytes).
    Removing fm33lc0xx_ll_lcd.o(.revsh_text), (4 bytes).
    Removing fm33lc0xx_ll_lcd.o(i.LL_LCD_DeInit), (108 bytes).
    Removing fm33lc0xx_ll_lcd.o(i.LL_LCD_DisplayFreq), (260 bytes).
    Removing fm33lc0xx_ll_lcd.o(i.LL_LCD_FlickTime), (236 bytes).
    Removing fm33lc0xx_ll_lcd.o(i.LL_LCD_GetCOMxNum), (10 bytes).
    Removing fm33lc0xx_ll_lcd.o(i.LL_LCD_Init), (612 bytes).
    Removing fm33lc0xx_ll_lcd.o(i.LL_LCD_StructInit), (38 bytes).
    Removing fm33lc0xx_ll_lptim.o(.rev16_text), (4 bytes).
    Removing fm33lc0xx_ll_lptim.o(.revsh_text), (4 bytes).
    Removing fm33lc0xx_ll_lptim.o(i.LL_LPTIM_CC_Set_ModeChannel1), (12 bytes).
    Removing fm33lc0xx_ll_lptim.o(i.LL_LPTIM_CC_Set_ModeChannel2), (14 bytes).
    Removing fm33lc0xx_ll_lptim.o(i.LL_LPTIM_DeInit), (128 bytes).
    Removing fm33lc0xx_ll_lptim.o(i.LL_LPTIM_ICModeStructInit), (8 bytes).
    Removing fm33lc0xx_ll_lptim.o(i.LL_LPTIM_IC_ModeInit), (220 bytes).
    Removing fm33lc0xx_ll_lptim.o(i.LL_LPTIM_OCModeStructInit), (10 bytes).
    Removing fm33lc0xx_ll_lptim.o(i.LL_LPTIM_OC_ModeInit), (172 bytes).
    Removing fm33lc0xx_ll_lptim.o(i.LL_LPTIM_SetTriggerExternalInput), (12 bytes).
    Removing fm33lc0xx_ll_lptim.o(i.LL_LPTIM_TimeModeInit), (520 bytes).
    Removing fm33lc0xx_ll_lptim.o(i.LL_LPTIM_TimeModeStructInit), (18 bytes).
    Removing fm33lc0xx_ll_lptim.o(i.LL_RCC_Group1_EnableBusClock), (16 bytes).
    Removing fm33lc0xx_ll_lptim.o(i.LL_RCC_Group2_EnableOperationClock), (16 bytes).
    Removing fm33lc0xx_ll_lptim.o(i.LL_RCC_SetLPTIMClockSource), (24 bytes).
    Removing fm33lc0xx_ll_lpuart.o(.rev16_text), (4 bytes).
    Removing fm33lc0xx_ll_lpuart.o(.revsh_text), (4 bytes).
    Removing fm33lc0xx_ll_lpuart.o(i.LL_LPUART_DeInit), (172 bytes).
    Removing fm33lc0xx_ll_lpuart.o(i.LL_LPUART_Init), (608 bytes).
    Removing fm33lc0xx_ll_lpuart.o(i.LL_LPUART_StructInit), (24 bytes).
    Removing fm33lc0xx_ll_lpuart.o(i.LL_RCC_Group1_DisableOperationClock), (16 bytes).
    Removing fm33lc0xx_ll_lpuart.o(i.LL_RCC_Group1_EnableOperationClock), (16 bytes).
    Removing fm33lc0xx_ll_lpuart.o(i.LL_RCC_Group3_DisableBusClock), (16 bytes).
    Removing fm33lc0xx_ll_lpuart.o(i.LL_RCC_Group3_EnableBusClock), (16 bytes).
    Removing fm33lc0xx_ll_opa.o(.rev16_text), (4 bytes).
    Removing fm33lc0xx_ll_opa.o(.revsh_text), (4 bytes).
    Removing fm33lc0xx_ll_opa.o(i.LL_OPA_DeInit), (56 bytes).
    Removing fm33lc0xx_ll_opa.o(i.LL_OPA_Init), (484 bytes).
    Removing fm33lc0xx_ll_opa.o(i.LL_OPA_StructInit), (18 bytes).
    Removing fm33lc0xx_ll_pmu.o(.rev16_text), (4 bytes).
    Removing fm33lc0xx_ll_pmu.o(.revsh_text), (4 bytes).
    Removing fm33lc0xx_ll_pmu.o(i.LL_PMU_Sleep_DeInit), (56 bytes).
    Removing fm33lc0xx_ll_pmu.o(i.LL_PMU_Sleep_Init), (336 bytes).
    Removing fm33lc0xx_ll_pmu.o(i.LL_PMU_StructInit), (20 bytes).
    Removing fm33lc0xx_ll_rcc.o(.rev16_text), (4 bytes).
    Removing fm33lc0xx_ll_rcc.o(.revsh_text), (4 bytes).
    Removing fm33lc0xx_ll_rng.o(.rev16_text), (4 bytes).
    Removing fm33lc0xx_ll_rng.o(.revsh_text), (4 bytes).
    Removing fm33lc0xx_ll_rng.o(i.GetCrc32), (136 bytes).
    Removing fm33lc0xx_ll_rng.o(i.GetRandomNumber), (96 bytes).
    Removing fm33lc0xx_ll_rng.o(i.LL_RNG_ClearFlag_CRCCalculationFinish), (10 bytes).
    Removing fm33lc0xx_ll_rng.o(i.LL_RNG_DeInit), (108 bytes).
    Removing fm33lc0xx_ll_rng.o(i.LL_RNG_Disable), (10 bytes).
    Removing fm33lc0xx_ll_rng.o(i.LL_RNG_Init), (212 bytes).
    Removing fm33lc0xx_ll_rng.o(i.LL_RNG_StructInit), (8 bytes).
    Removing fm33lc0xx_ll_rtc.o(.rev16_text), (4 bytes).
    Removing fm33lc0xx_ll_rtc.o(.revsh_text), (4 bytes).
    Removing fm33lc0xx_ll_rtc.o(i.LL_RTC_ConfigTime), (128 bytes).
    Removing fm33lc0xx_ll_rtc.o(i.LL_RTC_DeInit), (68 bytes).
    Removing fm33lc0xx_ll_rtc.o(i.LL_RTC_GetTime), (74 bytes).
    Removing fm33lc0xx_ll_rtc.o(i.LL_RTC_Init), (64 bytes).
    Removing fm33lc0xx_ll_rtc.o(i.LL_RTC_StructInit), (18 bytes).
    Removing fm33lc0xx_ll_spi.o(.rev16_text), (4 bytes).
    Removing fm33lc0xx_ll_spi.o(.revsh_text), (4 bytes).
    Removing fm33lc0xx_ll_spi.o(i.LL_RCC_DisableResetAPB2Peripheral), (16 bytes).
    Removing fm33lc0xx_ll_spi.o(i.LL_RCC_EnableResetAPB2Peripheral), (16 bytes).
    Removing fm33lc0xx_ll_spi.o(i.LL_RCC_Group3_DisableBusClock), (16 bytes).
    Removing fm33lc0xx_ll_spi.o(i.LL_RCC_Group3_EnableBusClock), (16 bytes).
    Removing fm33lc0xx_ll_spi.o(i.LL_SPI_DeInit), (124 bytes).
    Removing fm33lc0xx_ll_spi.o(i.LL_SPI_Init), (484 bytes).
    Removing fm33lc0xx_ll_spi.o(i.LL_SPI_StructInit), (28 bytes).
    Removing fm33lc0xx_ll_svd.o(.rev16_text), (4 bytes).
    Removing fm33lc0xx_ll_svd.o(.revsh_text), (4 bytes).
    Removing fm33lc0xx_ll_svd.o(i.LL_SVD_DeInit), (52 bytes).
    Removing fm33lc0xx_ll_svd.o(i.LL_SVD_EnableSVDDigitalFiltering), (10 bytes).
    Removing fm33lc0xx_ll_svd.o(i.LL_SVD_Init), (492 bytes).
    Removing fm33lc0xx_ll_svd.o(i.LL_SVD_StructInit), (22 bytes).
    Removing fm33lc0xx_ll_u7816.o(.rev16_text), (4 bytes).
    Removing fm33lc0xx_ll_u7816.o(.revsh_text), (4 bytes).
    Removing fm33lc0xx_ll_u7816.o(i.LL_U7816_DeInit), (108 bytes).
    Removing fm33lc0xx_ll_u7816.o(i.LL_U7816_Init), (732 bytes).
    Removing fm33lc0xx_ll_u7816.o(i.LL_U7816_StructInit), (60 bytes).
    Removing fm33lc0xx_ll_uart.o(.rev16_text), (4 bytes).
    Removing fm33lc0xx_ll_uart.o(.revsh_text), (4 bytes).
    Removing fm33lc0xx_ll_uart.o(i.LL_RCC_DisableResetAPB2Peripheral), (16 bytes).
    Removing fm33lc0xx_ll_uart.o(i.LL_RCC_EnableResetAPB2Peripheral), (16 bytes).
    Removing fm33lc0xx_ll_uart.o(i.LL_RCC_Group1_DisableOperationClock), (16 bytes).
    Removing fm33lc0xx_ll_uart.o(i.LL_RCC_Group3_DisableBusClock), (16 bytes).
    Removing fm33lc0xx_ll_uart.o(i.LL_UART_DeInit), (228 bytes).
    Removing fm33lc0xx_ll_uart.o(i.LL_UART_InfraRed_Init), (448 bytes).
    Removing fm33lc0xx_ll_uart.o(i.LL_UART_InfraRed_StructInit), (20 bytes).
    Removing fm33lc0xx_ll_uart.o(i.LL_UART_StructInit), (28 bytes).
    Removing fm33lc0xx_ll_wwdt.o(.rev16_text), (4 bytes).
    Removing fm33lc0xx_ll_wwdt.o(.revsh_text), (4 bytes).
    Removing fm33lc0xx_ll_wwdt.o(i.LL_WWDT_DeInit), (36 bytes).
    Removing fm33lc0xx_ll_wwdt.o(i.LL_WWDT_Init), (144 bytes).
    Removing fm33lc0xx_ll_wwdt.o(i.LL_WWDT_StructInit), (6 bytes).

233 unused section(s) (total 21596 bytes) removed from the image.

==============================================================================

Image Symbol Table

    Local Symbols

    Symbol Name                              Value     Ov Type        Size  Object(Section)

    RESET                                    0x00000000   Section      192  startup_fm33lc0xx.o(RESET)
    ../clib/angel/boardlib.s                 0x00000000   Number         0  boardshut.o ABSOLUTE
    ../clib/angel/boardlib.s                 0x00000000   Number         0  boardinit2.o ABSOLUTE
    ../clib/angel/boardlib.s                 0x00000000   Number         0  boardinit3.o ABSOLUTE
    ../clib/angel/boardlib.s                 0x00000000   Number         0  boardinit1.o ABSOLUTE
    ../clib/angel/handlers.s                 0x00000000   Number         0  __scatter_zi.o ABSOLUTE
    ../clib/angel/handlers.s                 0x00000000   Number         0  __scatter_copy.o ABSOLUTE
    ../clib/angel/kernel.s                   0x00000000   Number         0  rtexit2.o ABSOLUTE
    ../clib/angel/kernel.s                   0x00000000   Number         0  __rtentry2.o ABSOLUTE
    ../clib/angel/kernel.s                   0x00000000   Number         0  __rtentry4.o ABSOLUTE
    ../clib/angel/kernel.s                   0x00000000   Number         0  rtexit.o ABSOLUTE
    ../clib/angel/kernel.s                   0x00000000   Number         0  __rtentry.o ABSOLUTE
    ../clib/angel/rt.s                       0x00000000   Number         0  rt_raise.o ABSOLUTE
    ../clib/angel/rt.s                       0x00000000   Number         0  aeabi_idiv0.o ABSOLUTE
    ../clib/angel/rt.s                       0x00000000   Number         0  aeabi_idiv0_sigfpe.o ABSOLUTE
    ../clib/angel/rt.s                       0x00000000   Number         0  rt_div0.o ABSOLUTE
    ../clib/angel/scatterp.s                 0x00000000   Number         0  __scatter.o ABSOLUTE
    ../clib/angel/startup.s                  0x00000000   Number         0  __main.o ABSOLUTE
    ../clib/angel/sys.s                      0x00000000   Number         0  libspace.o ABSOLUTE
    ../clib/angel/sys.s                      0x00000000   Number         0  use_no_semi.o ABSOLUTE
    ../clib/angel/sys.s                      0x00000000   Number         0  indicate_semi.o ABSOLUTE
    ../clib/angel/sys.s                      0x00000000   Number         0  tempstk.o ABSOLUTE
    ../clib/angel/sys.s                      0x00000000   Number         0  sys_stackheap_outer.o ABSOLUTE
    ../clib/angel/sysapp.c                   0x00000000   Number         0  sys_wrch.o ABSOLUTE
    ../clib/angel/sysapp.c                   0x00000000   Number         0  sys_command.o ABSOLUTE
    ../clib/angel/sysapp.c                   0x00000000   Number         0  sys_exit.o ABSOLUTE
    ../clib/armsys.c                         0x00000000   Number         0  no_argv.o ABSOLUTE
    ../clib/armsys.c                         0x00000000   Number         0  _get_argv_nomalloc.o ABSOLUTE
    ../clib/armsys.c                         0x00000000   Number         0  argv_veneer.o ABSOLUTE
    ../clib/division.c                       0x00000000   Number         0  rtudiv10.o ABSOLUTE
    ../clib/division.s                       0x00000000   Number         0  aeabi_sdiv.o ABSOLUTE
    ../clib/division.s                       0x00000000   Number         0  aeabi_sdiv_div0.o ABSOLUTE
    ../clib/heapalloc.c                      0x00000000   Number         0  hrguard.o ABSOLUTE
    ../clib/heapaux.c                        0x00000000   Number         0  heapauxi.o ABSOLUTE
    ../clib/libinit.s                        0x00000000   Number         0  libshutdown.o ABSOLUTE
    ../clib/libinit.s                        0x00000000   Number         0  libinit.o ABSOLUTE
    ../clib/libinit.s                        0x00000000   Number         0  libshutdown2.o ABSOLUTE
    ../clib/libinit.s                        0x00000000   Number         0  libinit2.o ABSOLUTE
    ../clib/memcpset.c                       0x00000000   Number         0  rt_memclr.o ABSOLUTE
    ../clib/memcpset.c                       0x00000000   Number         0  rt_memcpy.o ABSOLUTE
    ../clib/memcpset.c                       0x00000000   Number         0  rt_memcpy.o ABSOLUTE
    ../clib/printf.c                         0x00000000   Number         0  __printf_ss_wp.o ABSOLUTE
    ../clib/printf.c                         0x00000000   Number         0  __printf.o ABSOLUTE
    ../clib/printf.c                         0x00000000   Number         0  _printf_dec.o ABSOLUTE
    ../clib/printf.c                         0x00000000   Number         0  __printf_flags.o ABSOLUTE
    ../clib/printf.c                         0x00000000   Number         0  _printf_intcommon.o ABSOLUTE
    ../clib/printf.c                         0x00000000   Number         0  _printf_char_common.o ABSOLUTE
    ../clib/printf.c                         0x00000000   Number         0  _sputc.o ABSOLUTE
    ../clib/printf.c                         0x00000000   Number         0  __printf_ss.o ABSOLUTE
    ../clib/printf.c                         0x00000000   Number         0  __printf_flags_ss.o ABSOLUTE
    ../clib/printf.c                         0x00000000   Number         0  __printf_wp.o ABSOLUTE
    ../clib/printf.c                         0x00000000   Number         0  __printf_flags_wp.o ABSOLUTE
    ../clib/printf.c                         0x00000000   Number         0  __printf_nopercent.o ABSOLUTE
    ../clib/printf.c                         0x00000000   Number         0  __printf_flags_ss_wp.o ABSOLUTE
    ../clib/printf.c                         0x00000000   Number         0  noretval__2sprintf.o ABSOLUTE
    ../clib/printf.c                         0x00000000   Number         0  __2sprintf.o ABSOLUTE
    ../clib/printf_percent.s                 0x00000000   Number         0  _printf_percent.o ABSOLUTE
    ../clib/printf_percent.s                 0x00000000   Number         0  _printf_d.o ABSOLUTE
    ../clib/printf_percent.s                 0x00000000   Number         0  _printf_percent_end.o ABSOLUTE
    ../clib/signal.c                         0x00000000   Number         0  defsig_fpe_inner.o ABSOLUTE
    ../clib/signal.c                         0x00000000   Number         0  defsig_exit.o ABSOLUTE
    ../clib/signal.c                         0x00000000   Number         0  defsig_cppl_inner.o ABSOLUTE
    ../clib/signal.c                         0x00000000   Number         0  defsig_segv_inner.o ABSOLUTE
    ../clib/signal.c                         0x00000000   Number         0  defsig_other.o ABSOLUTE
    ../clib/signal.c                         0x00000000   Number         0  defsig_fpe_formal.o ABSOLUTE
    ../clib/signal.c                         0x00000000   Number         0  defsig_fpe_outer.o ABSOLUTE
    ../clib/signal.c                         0x00000000   Number         0  defsig_abrt_inner.o ABSOLUTE
    ../clib/signal.c                         0x00000000   Number         0  defsig_rtred_inner.o ABSOLUTE
    ../clib/signal.c                         0x00000000   Number         0  defsig_rtmem_inner.o ABSOLUTE
    ../clib/signal.c                         0x00000000   Number         0  defsig_rtmem_outer.o ABSOLUTE
    ../clib/signal.c                         0x00000000   Number         0  defsig_general.o ABSOLUTE
    ../clib/signal.c                         0x00000000   Number         0  __raise.o ABSOLUTE
    ../clib/signal.c                         0x00000000   Number         0  defsig_rtmem_formal.o ABSOLUTE
    ../clib/signal.c                         0x00000000   Number         0  defsig_stak_inner.o ABSOLUTE
    ../clib/signal.c                         0x00000000   Number         0  defsig_pvfn_inner.o ABSOLUTE
    ../clib/signal.s                         0x00000000   Number         0  defsig.o ABSOLUTE
    ../clib/stdlib.c                         0x00000000   Number         0  exit.o ABSOLUTE
    ../clib/string.c                         0x00000000   Number         0  strcat.o ABSOLUTE
    ../clib/string.c                         0x00000000   Number         0  strlen.o ABSOLUTE
    ../fplib/cfplib/d2f.c                    0x00000000   Number         0  d2f.o ABSOLUTE
    ../fplib/cfplib/daddsub.c                0x00000000   Number         0  daddsub.o ABSOLUTE
    ../fplib/cfplib/ddiv.c                   0x00000000   Number         0  ddiv.o ABSOLUTE
    ../fplib/cfplib/dmul.c                   0x00000000   Number         0  dmul.o ABSOLUTE
    ../fplib/cfplib/f2d.c                    0x00000000   Number         0  f2d.o ABSOLUTE
    ../fplib/cfplib/fdiv.c                   0x00000000   Number         0  fdiv.o ABSOLUTE
    ../fplib/cfplib/ffix.c                   0x00000000   Number         0  dfixui.o ABSOLUTE
    ../fplib/cfplib/fflt.c                   0x00000000   Number         0  dflti.o ABSOLUTE
    ../fplib/cfplib/fflt.c                   0x00000000   Number         0  fflti.o ABSOLUTE
    ../fplib/cfplib/fpinit.c                 0x00000000   Number         0  fpinit.o ABSOLUTE
    ../fplib/usenofp.s                       0x00000000   Number         0  usenofp.o ABSOLUTE
    ..\\app\\app.c                           0x00000000   Number         0  app.o ABSOLUTE
    ..\\app\\systick.c                       0x00000000   Number         0  systick.o ABSOLUTE
    ..\\bsp\\MF-config\\mf_config.c          0x00000000   Number         0  mf_config.o ABSOLUTE
    ..\\bsp\\flash\\flash.c                  0x00000000   Number         0  flash.o ABSOLUTE
    ..\\bsp\\iap\\iap.c                      0x00000000   Number         0  iap.o ABSOLUTE
    ..\\bsp\\uart\\uart.c                    0x00000000   Number         0  uart.o ABSOLUTE
    ..\\lib\\CMSIS\\Device\\FM\\FM33xx\\Source\\system_fm33lc0xx.c 0x00000000   Number         0  system_fm33lc0xx.o ABSOLUTE
    ..\\lib\\FM33LC0xx_LL_Driver\\Src\\fm33lc0xx_ll_adc.c 0x00000000   Number         0  fm33lc0xx_ll_adc.o ABSOLUTE
    ..\\lib\\FM33LC0xx_LL_Driver\\Src\\fm33lc0xx_ll_aes.c 0x00000000   Number         0  fm33lc0xx_ll_aes.o ABSOLUTE
    ..\\lib\\FM33LC0xx_LL_Driver\\Src\\fm33lc0xx_ll_atim.c 0x00000000   Number         0  fm33lc0xx_ll_atim.o ABSOLUTE
    ..\\lib\\FM33LC0xx_LL_Driver\\Src\\fm33lc0xx_ll_bstim.c 0x00000000   Number         0  fm33lc0xx_ll_bstim.o ABSOLUTE
    ..\\lib\\FM33LC0xx_LL_Driver\\Src\\fm33lc0xx_ll_comp.c 0x00000000   Number         0  fm33lc0xx_ll_comp.o ABSOLUTE
    ..\\lib\\FM33LC0xx_LL_Driver\\Src\\fm33lc0xx_ll_crc.c 0x00000000   Number         0  fm33lc0xx_ll_crc.o ABSOLUTE
    ..\\lib\\FM33LC0xx_LL_Driver\\Src\\fm33lc0xx_ll_dma.c 0x00000000   Number         0  fm33lc0xx_ll_dma.o ABSOLUTE
    ..\\lib\\FM33LC0xx_LL_Driver\\Src\\fm33lc0xx_ll_flash.c 0x00000000   Number         0  fm33lc0xx_ll_flash.o ABSOLUTE
    ..\\lib\\FM33LC0xx_LL_Driver\\Src\\fm33lc0xx_ll_gpio.c 0x00000000   Number         0  fm33lc0xx_ll_gpio.o ABSOLUTE
    ..\\lib\\FM33LC0xx_LL_Driver\\Src\\fm33lc0xx_ll_gptim.c 0x00000000   Number         0  fm33lc0xx_ll_gptim.o ABSOLUTE
    ..\\lib\\FM33LC0xx_LL_Driver\\Src\\fm33lc0xx_ll_hdiv.c 0x00000000   Number         0  fm33lc0xx_ll_hdiv.o ABSOLUTE
    ..\\lib\\FM33LC0xx_LL_Driver\\Src\\fm33lc0xx_ll_i2c.c 0x00000000   Number         0  fm33lc0xx_ll_i2c.o ABSOLUTE
    ..\\lib\\FM33LC0xx_LL_Driver\\Src\\fm33lc0xx_ll_iwdt.c 0x00000000   Number         0  fm33lc0xx_ll_iwdt.o ABSOLUTE
    ..\\lib\\FM33LC0xx_LL_Driver\\Src\\fm33lc0xx_ll_lcd.c 0x00000000   Number         0  fm33lc0xx_ll_lcd.o ABSOLUTE
    ..\\lib\\FM33LC0xx_LL_Driver\\Src\\fm33lc0xx_ll_lptim.c 0x00000000   Number         0  fm33lc0xx_ll_lptim.o ABSOLUTE
    ..\\lib\\FM33LC0xx_LL_Driver\\Src\\fm33lc0xx_ll_lpuart.c 0x00000000   Number         0  fm33lc0xx_ll_lpuart.o ABSOLUTE
    ..\\lib\\FM33LC0xx_LL_Driver\\Src\\fm33lc0xx_ll_opa.c 0x00000000   Number         0  fm33lc0xx_ll_opa.o ABSOLUTE
    ..\\lib\\FM33LC0xx_LL_Driver\\Src\\fm33lc0xx_ll_pmu.c 0x00000000   Number         0  fm33lc0xx_ll_pmu.o ABSOLUTE
    ..\\lib\\FM33LC0xx_LL_Driver\\Src\\fm33lc0xx_ll_rcc.c 0x00000000   Number         0  fm33lc0xx_ll_rcc.o ABSOLUTE
    ..\\lib\\FM33LC0xx_LL_Driver\\Src\\fm33lc0xx_ll_rng.c 0x00000000   Number         0  fm33lc0xx_ll_rng.o ABSOLUTE
    ..\\lib\\FM33LC0xx_LL_Driver\\Src\\fm33lc0xx_ll_rtc.c 0x00000000   Number         0  fm33lc0xx_ll_rtc.o ABSOLUTE
    ..\\lib\\FM33LC0xx_LL_Driver\\Src\\fm33lc0xx_ll_spi.c 0x00000000   Number         0  fm33lc0xx_ll_spi.o ABSOLUTE
    ..\\lib\\FM33LC0xx_LL_Driver\\Src\\fm33lc0xx_ll_svd.c 0x00000000   Number         0  fm33lc0xx_ll_svd.o ABSOLUTE
    ..\\lib\\FM33LC0xx_LL_Driver\\Src\\fm33lc0xx_ll_u7816.c 0x00000000   Number         0  fm33lc0xx_ll_u7816.o ABSOLUTE
    ..\\lib\\FM33LC0xx_LL_Driver\\Src\\fm33lc0xx_ll_uart.c 0x00000000   Number         0  fm33lc0xx_ll_uart.o ABSOLUTE
    ..\\lib\\FM33LC0xx_LL_Driver\\Src\\fm33lc0xx_ll_wwdt.c 0x00000000   Number         0  fm33lc0xx_ll_wwdt.o ABSOLUTE
    ..\app\app.c                             0x00000000   Number         0  app.o ABSOLUTE
    ..\app\systick.c                         0x00000000   Number         0  systick.o ABSOLUTE
    ..\bsp\MF-config\mf_config.c             0x00000000   Number         0  mf_config.o ABSOLUTE
    ..\bsp\flash\flash.c                     0x00000000   Number         0  flash.o ABSOLUTE
    ..\bsp\iap\iap.c                         0x00000000   Number         0  iap.o ABSOLUTE
    ..\bsp\uart\uart.c                       0x00000000   Number         0  uart.o ABSOLUTE
    ..\lib\CMSIS\Device\FM\FM33xx\Source\Templates\ARM\startup_fm33lc0xx.s 0x00000000   Number         0  startup_fm33lc0xx.o ABSOLUTE
    ..\lib\CMSIS\Device\FM\FM33xx\Source\system_fm33lc0xx.c 0x00000000   Number         0  system_fm33lc0xx.o ABSOLUTE
    ..\lib\FM33LC0xx_LL_Driver\Src\fm33lc0xx_ll_adc.c 0x00000000   Number         0  fm33lc0xx_ll_adc.o ABSOLUTE
    ..\lib\FM33LC0xx_LL_Driver\Src\fm33lc0xx_ll_aes.c 0x00000000   Number         0  fm33lc0xx_ll_aes.o ABSOLUTE
    ..\lib\FM33LC0xx_LL_Driver\Src\fm33lc0xx_ll_atim.c 0x00000000   Number         0  fm33lc0xx_ll_atim.o ABSOLUTE
    ..\lib\FM33LC0xx_LL_Driver\Src\fm33lc0xx_ll_bstim.c 0x00000000   Number         0  fm33lc0xx_ll_bstim.o ABSOLUTE
    ..\lib\FM33LC0xx_LL_Driver\Src\fm33lc0xx_ll_comp.c 0x00000000   Number         0  fm33lc0xx_ll_comp.o ABSOLUTE
    ..\lib\FM33LC0xx_LL_Driver\Src\fm33lc0xx_ll_crc.c 0x00000000   Number         0  fm33lc0xx_ll_crc.o ABSOLUTE
    ..\lib\FM33LC0xx_LL_Driver\Src\fm33lc0xx_ll_dma.c 0x00000000   Number         0  fm33lc0xx_ll_dma.o ABSOLUTE
    ..\lib\FM33LC0xx_LL_Driver\Src\fm33lc0xx_ll_flash.c 0x00000000   Number         0  fm33lc0xx_ll_flash.o ABSOLUTE
    ..\lib\FM33LC0xx_LL_Driver\Src\fm33lc0xx_ll_gpio.c 0x00000000   Number         0  fm33lc0xx_ll_gpio.o ABSOLUTE
    ..\lib\FM33LC0xx_LL_Driver\Src\fm33lc0xx_ll_gptim.c 0x00000000   Number         0  fm33lc0xx_ll_gptim.o ABSOLUTE
    ..\lib\FM33LC0xx_LL_Driver\Src\fm33lc0xx_ll_hdiv.c 0x00000000   Number         0  fm33lc0xx_ll_hdiv.o ABSOLUTE
    ..\lib\FM33LC0xx_LL_Driver\Src\fm33lc0xx_ll_i2c.c 0x00000000   Number         0  fm33lc0xx_ll_i2c.o ABSOLUTE
    ..\lib\FM33LC0xx_LL_Driver\Src\fm33lc0xx_ll_iwdt.c 0x00000000   Number         0  fm33lc0xx_ll_iwdt.o ABSOLUTE
    ..\lib\FM33LC0xx_LL_Driver\Src\fm33lc0xx_ll_lcd.c 0x00000000   Number         0  fm33lc0xx_ll_lcd.o ABSOLUTE
    ..\lib\FM33LC0xx_LL_Driver\Src\fm33lc0xx_ll_lptim.c 0x00000000   Number         0  fm33lc0xx_ll_lptim.o ABSOLUTE
    ..\lib\FM33LC0xx_LL_Driver\Src\fm33lc0xx_ll_lpuart.c 0x00000000   Number         0  fm33lc0xx_ll_lpuart.o ABSOLUTE
    ..\lib\FM33LC0xx_LL_Driver\Src\fm33lc0xx_ll_opa.c 0x00000000   Number         0  fm33lc0xx_ll_opa.o ABSOLUTE
    ..\lib\FM33LC0xx_LL_Driver\Src\fm33lc0xx_ll_pmu.c 0x00000000   Number         0  fm33lc0xx_ll_pmu.o ABSOLUTE
    ..\lib\FM33LC0xx_LL_Driver\Src\fm33lc0xx_ll_rcc.c 0x00000000   Number         0  fm33lc0xx_ll_rcc.o ABSOLUTE
    ..\lib\FM33LC0xx_LL_Driver\Src\fm33lc0xx_ll_rng.c 0x00000000   Number         0  fm33lc0xx_ll_rng.o ABSOLUTE
    ..\lib\FM33LC0xx_LL_Driver\Src\fm33lc0xx_ll_rtc.c 0x00000000   Number         0  fm33lc0xx_ll_rtc.o ABSOLUTE
    ..\lib\FM33LC0xx_LL_Driver\Src\fm33lc0xx_ll_spi.c 0x00000000   Number         0  fm33lc0xx_ll_spi.o ABSOLUTE
    ..\lib\FM33LC0xx_LL_Driver\Src\fm33lc0xx_ll_svd.c 0x00000000   Number         0  fm33lc0xx_ll_svd.o ABSOLUTE
    ..\lib\FM33LC0xx_LL_Driver\Src\fm33lc0xx_ll_u7816.c 0x00000000   Number         0  fm33lc0xx_ll_u7816.o ABSOLUTE
    ..\lib\FM33LC0xx_LL_Driver\Src\fm33lc0xx_ll_uart.c 0x00000000   Number         0  fm33lc0xx_ll_uart.o ABSOLUTE
    ..\lib\FM33LC0xx_LL_Driver\Src\fm33lc0xx_ll_wwdt.c 0x00000000   Number         0  fm33lc0xx_ll_wwdt.o ABSOLUTE
    dc.s                                     0x00000000   Number         0  dc.o ABSOLUTE
    main.c                                   0x00000000   Number         0  main.o ABSOLUTE
    main.c                                   0x00000000   Number         0  main.o ABSOLUTE
    !!!main                                  0x000000c0   Section        8  __main.o(!!!main)
    !!!scatter                               0x000000c8   Section       60  __scatter.o(!!!scatter)
    !!handler_copy                           0x00000104   Section       26  __scatter_copy.o(!!handler_copy)
    !!handler_zi                             0x00000120   Section       28  __scatter_zi.o(!!handler_zi)
    .ARM.Collect$$_printf_percent$$00000000  0x0000013c   Section        2  _printf_percent.o(.ARM.Collect$$_printf_percent$$00000000)
    .ARM.Collect$$_printf_percent$$00000009  0x0000013e   Section       10  _printf_d.o(.ARM.Collect$$_printf_percent$$00000009)
    .ARM.Collect$$_printf_percent$$00000017  0x00000148   Section        4  _printf_percent_end.o(.ARM.Collect$$_printf_percent$$00000017)
    .ARM.Collect$$libinit$$00000000          0x0000014c   Section        2  libinit.o(.ARM.Collect$$libinit$$00000000)
    .ARM.Collect$$libinit$$00000002          0x0000014e   Section        0  libinit2.o(.ARM.Collect$$libinit$$00000002)
    .ARM.Collect$$libinit$$00000004          0x0000014e   Section        0  libinit2.o(.ARM.Collect$$libinit$$00000004)
    .ARM.Collect$$libinit$$0000000A          0x0000014e   Section        0  libinit2.o(.ARM.Collect$$libinit$$0000000A)
    .ARM.Collect$$libinit$$0000000C          0x0000014e   Section        0  libinit2.o(.ARM.Collect$$libinit$$0000000C)
    .ARM.Collect$$libinit$$0000000E          0x0000014e   Section        0  libinit2.o(.ARM.Collect$$libinit$$0000000E)
    .ARM.Collect$$libinit$$00000011          0x0000014e   Section        0  libinit2.o(.ARM.Collect$$libinit$$00000011)
    .ARM.Collect$$libinit$$00000013          0x0000014e   Section        0  libinit2.o(.ARM.Collect$$libinit$$00000013)
    .ARM.Collect$$libinit$$00000015          0x0000014e   Section        0  libinit2.o(.ARM.Collect$$libinit$$00000015)
    .ARM.Collect$$libinit$$00000017          0x0000014e   Section        0  libinit2.o(.ARM.Collect$$libinit$$00000017)
    .ARM.Collect$$libinit$$00000019          0x0000014e   Section        0  libinit2.o(.ARM.Collect$$libinit$$00000019)
    .ARM.Collect$$libinit$$0000001B          0x0000014e   Section        0  libinit2.o(.ARM.Collect$$libinit$$0000001B)
    .ARM.Collect$$libinit$$0000001D          0x0000014e   Section        0  libinit2.o(.ARM.Collect$$libinit$$0000001D)
    .ARM.Collect$$libinit$$0000001F          0x0000014e   Section        0  libinit2.o(.ARM.Collect$$libinit$$0000001F)
    .ARM.Collect$$libinit$$00000021          0x0000014e   Section        0  libinit2.o(.ARM.Collect$$libinit$$00000021)
    .ARM.Collect$$libinit$$00000023          0x0000014e   Section        0  libinit2.o(.ARM.Collect$$libinit$$00000023)
    .ARM.Collect$$libinit$$00000025          0x0000014e   Section        0  libinit2.o(.ARM.Collect$$libinit$$00000025)
    .ARM.Collect$$libinit$$0000002C          0x0000014e   Section        0  libinit2.o(.ARM.Collect$$libinit$$0000002C)
    .ARM.Collect$$libinit$$0000002E          0x0000014e   Section        0  libinit2.o(.ARM.Collect$$libinit$$0000002E)
    .ARM.Collect$$libinit$$00000030          0x0000014e   Section        0  libinit2.o(.ARM.Collect$$libinit$$00000030)
    .ARM.Collect$$libinit$$00000032          0x0000014e   Section        0  libinit2.o(.ARM.Collect$$libinit$$00000032)
    .ARM.Collect$$libinit$$00000033          0x0000014e   Section        2  libinit2.o(.ARM.Collect$$libinit$$00000033)
    .ARM.Collect$$libshutdown$$00000000      0x00000150   Section        2  libshutdown.o(.ARM.Collect$$libshutdown$$00000000)
    .ARM.Collect$$libshutdown$$00000002      0x00000152   Section        0  libshutdown2.o(.ARM.Collect$$libshutdown$$00000002)
    .ARM.Collect$$libshutdown$$00000004      0x00000152   Section        0  libshutdown2.o(.ARM.Collect$$libshutdown$$00000004)
    .ARM.Collect$$libshutdown$$00000006      0x00000152   Section        0  libshutdown2.o(.ARM.Collect$$libshutdown$$00000006)
    .ARM.Collect$$libshutdown$$00000009      0x00000152   Section        0  libshutdown2.o(.ARM.Collect$$libshutdown$$00000009)
    .ARM.Collect$$libshutdown$$0000000C      0x00000152   Section        0  libshutdown2.o(.ARM.Collect$$libshutdown$$0000000C)
    .ARM.Collect$$libshutdown$$0000000E      0x00000152   Section        0  libshutdown2.o(.ARM.Collect$$libshutdown$$0000000E)
    .ARM.Collect$$libshutdown$$00000011      0x00000152   Section        0  libshutdown2.o(.ARM.Collect$$libshutdown$$00000011)
    .ARM.Collect$$libshutdown$$00000012      0x00000152   Section        2  libshutdown2.o(.ARM.Collect$$libshutdown$$00000012)
    .ARM.Collect$$rtentry$$00000000          0x00000154   Section        0  __rtentry.o(.ARM.Collect$$rtentry$$00000000)
    .ARM.Collect$$rtentry$$00000002          0x00000154   Section        0  __rtentry2.o(.ARM.Collect$$rtentry$$00000002)
    .ARM.Collect$$rtentry$$00000004          0x00000154   Section        6  __rtentry4.o(.ARM.Collect$$rtentry$$00000004)
    .ARM.Collect$$rtentry$$00000009          0x0000015a   Section        0  __rtentry2.o(.ARM.Collect$$rtentry$$00000009)
    .ARM.Collect$$rtentry$$0000000A          0x0000015a   Section        4  __rtentry2.o(.ARM.Collect$$rtentry$$0000000A)
    .ARM.Collect$$rtentry$$0000000C          0x0000015e   Section        0  __rtentry2.o(.ARM.Collect$$rtentry$$0000000C)
    .ARM.Collect$$rtentry$$0000000D          0x0000015e   Section        8  __rtentry2.o(.ARM.Collect$$rtentry$$0000000D)
    .ARM.Collect$$rtexit$$00000000           0x00000166   Section        2  rtexit.o(.ARM.Collect$$rtexit$$00000000)
    .ARM.Collect$$rtexit$$00000002           0x00000168   Section        0  rtexit2.o(.ARM.Collect$$rtexit$$00000002)
    .ARM.Collect$$rtexit$$00000003           0x00000168   Section        4  rtexit2.o(.ARM.Collect$$rtexit$$00000003)
    .ARM.Collect$$rtexit$$00000004           0x0000016c   Section        6  rtexit2.o(.ARM.Collect$$rtexit$$00000004)
    .emb_text                                0x00000174   Section       56  rt_memcpy.o(.emb_text)
    .text                                    0x000001ac   Section       56  startup_fm33lc0xx.o(.text)
    .text                                    0x000001e4   Section        0  noretval__2sprintf.o(.text)
    .text                                    0x0000020c   Section        0  __printf.o(.text)
    .text                                    0x00000278   Section        0  _printf_dec.o(.text)
    .text                                    0x000002e4   Section        0  strlen.o(.text)
    .text                                    0x00000328   Section        0  strcat.o(.text)
    .text                                    0x00000340   Section        0  rt_memcpy.o(.text)
    .text                                    0x000003c2   Section        0  rt_memclr.o(.text)
    .text                                    0x00000402   Section      346  aeabi_sdiv.o(.text)
    .text                                    0x0000055c   Section        0  heapauxi.o(.text)
    .text                                    0x00000562   Section        0  _printf_intcommon.o(.text)
    .text                                    0x00000614   Section        0  _printf_char_common.o(.text)
    _printf_input_char                       0x00000615   Thumb Code    10  _printf_char_common.o(.text)
    .text                                    0x00000644   Section        0  _sputc.o(.text)
    .text                                    0x0000064e   Section        0  rtudiv10.o(.text)
    .text                                    0x00000676   Section       62  sys_stackheap_outer.o(.text)
    .text                                    0x000006b4   Section        0  exit.o(.text)
    .text                                    0x000006c4   Section        8  libspace.o(.text)
    .text                                    0x000006cc   Section        0  sys_exit.o(.text)
    .text                                    0x000006d8   Section        2  use_no_semi.o(.text)
    .text                                    0x000006da   Section        0  indicate_semi.o(.text)
    i.App_Handle                             0x000006dc   Section        0  app.o(i.App_Handle)
    i.App_Init                               0x000007c8   Section        0  app.o(i.App_Init)
    i.LL_FLASH_ClearFlag_EraseFinish         0x000007f4   Section        0  fm33lc0xx_ll_flash.o(i.LL_FLASH_ClearFlag_EraseFinish)
    LL_FLASH_ClearFlag_EraseFinish           0x000007f5   Thumb Code     6  fm33lc0xx_ll_flash.o(i.LL_FLASH_ClearFlag_EraseFinish)
    i.LL_FLASH_GetFlashLockStatus            0x000007fa   Section        0  fm33lc0xx_ll_flash.o(i.LL_FLASH_GetFlashLockStatus)
    LL_FLASH_GetFlashLockStatus              0x000007fb   Thumb Code    12  fm33lc0xx_ll_flash.o(i.LL_FLASH_GetFlashLockStatus)
    i.LL_FLASH_IsActiveFlag_AuthenticationError 0x00000806   Section        0  fm33lc0xx_ll_flash.o(i.LL_FLASH_IsActiveFlag_AuthenticationError)
    LL_FLASH_IsActiveFlag_AuthenticationError 0x00000807   Thumb Code    14  fm33lc0xx_ll_flash.o(i.LL_FLASH_IsActiveFlag_AuthenticationError)
    i.LL_FLASH_IsActiveFlag_ClockError       0x00000814   Section        0  fm33lc0xx_ll_flash.o(i.LL_FLASH_IsActiveFlag_ClockError)
    LL_FLASH_IsActiveFlag_ClockError         0x00000815   Thumb Code    14  fm33lc0xx_ll_flash.o(i.LL_FLASH_IsActiveFlag_ClockError)
    i.LL_FLASH_IsActiveFlag_EraseFinish      0x00000822   Section        0  fm33lc0xx_ll_flash.o(i.LL_FLASH_IsActiveFlag_EraseFinish)
    LL_FLASH_IsActiveFlag_EraseFinish        0x00000823   Thumb Code    16  fm33lc0xx_ll_flash.o(i.LL_FLASH_IsActiveFlag_EraseFinish)
    i.LL_FLASH_IsActiveFlag_KEYError         0x00000832   Section        0  fm33lc0xx_ll_flash.o(i.LL_FLASH_IsActiveFlag_KEYError)
    LL_FLASH_IsActiveFlag_KEYError           0x00000833   Thumb Code    14  fm33lc0xx_ll_flash.o(i.LL_FLASH_IsActiveFlag_KEYError)
    i.LL_FLASH_IsActiveFlag_ProgramFinish    0x00000840   Section        0  fm33lc0xx_ll_flash.o(i.LL_FLASH_IsActiveFlag_ProgramFinish)
    LL_FLASH_IsActiveFlag_ProgramFinish      0x00000841   Thumb Code    12  fm33lc0xx_ll_flash.o(i.LL_FLASH_IsActiveFlag_ProgramFinish)
    i.LL_FLASH_LockFlash                     0x0000084c   Section        0  fm33lc0xx_ll_flash.o(i.LL_FLASH_LockFlash)
    LL_FLASH_LockFlash                       0x0000084d   Thumb Code     8  fm33lc0xx_ll_flash.o(i.LL_FLASH_LockFlash)
    i.LL_FLASH_Program_Word                  0x00000854   Section        0  fm33lc0xx_ll_flash.o(i.LL_FLASH_Program_Word)
    i.LL_FLASH_SectorErase                   0x00000968   Section        0  fm33lc0xx_ll_flash.o(i.LL_FLASH_SectorErase)
    i.LL_FLASH_SetFlashEraseType             0x00000a88   Section        0  fm33lc0xx_ll_flash.o(i.LL_FLASH_SetFlashEraseType)
    LL_FLASH_SetFlashEraseType               0x00000a89   Thumb Code    14  fm33lc0xx_ll_flash.o(i.LL_FLASH_SetFlashEraseType)
    i.LL_FLASH_StartErase                    0x00000a96   Section        0  fm33lc0xx_ll_flash.o(i.LL_FLASH_StartErase)
    LL_FLASH_StartErase                      0x00000a97   Thumb Code    18  fm33lc0xx_ll_flash.o(i.LL_FLASH_StartErase)
    i.LL_FLASH_StartProgram                  0x00000aa8   Section        0  fm33lc0xx_ll_flash.o(i.LL_FLASH_StartProgram)
    LL_FLASH_StartProgram                    0x00000aa9   Thumb Code    18  fm33lc0xx_ll_flash.o(i.LL_FLASH_StartProgram)
    i.LL_FLASH_UnlockFlash                   0x00000aba   Section        0  fm33lc0xx_ll_flash.o(i.LL_FLASH_UnlockFlash)
    LL_FLASH_UnlockFlash                     0x00000abb   Thumb Code     4  fm33lc0xx_ll_flash.o(i.LL_FLASH_UnlockFlash)
    i.LL_GPIO_ALLPIN_LPM_MODE                0x00000ac0   Section        0  fm33lc0xx_ll_gpio.o(i.LL_GPIO_ALLPIN_LPM_MODE)
    i.LL_GPIO_Init                           0x00000b4c   Section        0  fm33lc0xx_ll_gpio.o(i.LL_GPIO_Init)
    i.LL_GPIO_SetOutputPin                   0x00000ce8   Section        0  fm33lc0xx_ll_gpio.o(i.LL_GPIO_SetOutputPin)
    LL_GPIO_SetOutputPin                     0x00000ce9   Thumb Code    10  fm33lc0xx_ll_gpio.o(i.LL_GPIO_SetOutputPin)
    i.LL_GPIO_StructInit                     0x00000cf4   Section        0  fm33lc0xx_ll_gpio.o(i.LL_GPIO_StructInit)
    i.LL_RCC_GetAHBClockFreq                 0x00000d0c   Section        0  fm33lc0xx_ll_rcc.o(i.LL_RCC_GetAHBClockFreq)
    i.LL_RCC_GetAPB1ClockFreq                0x00000d64   Section        0  fm33lc0xx_ll_rcc.o(i.LL_RCC_GetAPB1ClockFreq)
    i.LL_RCC_GetAPB2ClockFreq                0x00000dbc   Section        0  fm33lc0xx_ll_rcc.o(i.LL_RCC_GetAPB2ClockFreq)
    i.LL_RCC_GetPLLClockFreq                 0x00000e14   Section        0  fm33lc0xx_ll_rcc.o(i.LL_RCC_GetPLLClockFreq)
    i.LL_RCC_GetRC4MClockFreq                0x00000eb0   Section        0  fm33lc0xx_ll_rcc.o(i.LL_RCC_GetRC4MClockFreq)
    i.LL_RCC_GetRCHFClockFreq                0x00000f00   Section        0  fm33lc0xx_ll_rcc.o(i.LL_RCC_GetRCHFClockFreq)
    i.LL_RCC_GetSystemClockFreq              0x00000f44   Section        0  fm33lc0xx_ll_rcc.o(i.LL_RCC_GetSystemClockFreq)
    i.LL_RCC_GetUSBClockFreqToSysclk         0x00000f94   Section        0  fm33lc0xx_ll_rcc.o(i.LL_RCC_GetUSBClockFreqToSysclk)
    i.LL_RCC_Group1_EnableOperationClock     0x00000fb8   Section        0  fm33lc0xx_ll_uart.o(i.LL_RCC_Group1_EnableOperationClock)
    LL_RCC_Group1_EnableOperationClock       0x00000fb9   Thumb Code    12  fm33lc0xx_ll_uart.o(i.LL_RCC_Group1_EnableOperationClock)
    i.LL_RCC_Group2_DisableOperationClock    0x00000fc8   Section        0  fm33lc0xx_ll_flash.o(i.LL_RCC_Group2_DisableOperationClock)
    LL_RCC_Group2_DisableOperationClock      0x00000fc9   Thumb Code    12  fm33lc0xx_ll_flash.o(i.LL_RCC_Group2_DisableOperationClock)
    i.LL_RCC_Group2_EnableBusClock           0x00000fd8   Section        0  fm33lc0xx_ll_flash.o(i.LL_RCC_Group2_EnableBusClock)
    LL_RCC_Group2_EnableBusClock             0x00000fd9   Thumb Code    12  fm33lc0xx_ll_flash.o(i.LL_RCC_Group2_EnableBusClock)
    i.LL_RCC_Group2_EnableOperationClock     0x00000fe8   Section        0  fm33lc0xx_ll_flash.o(i.LL_RCC_Group2_EnableOperationClock)
    LL_RCC_Group2_EnableOperationClock       0x00000fe9   Thumb Code    12  fm33lc0xx_ll_flash.o(i.LL_RCC_Group2_EnableOperationClock)
    i.LL_RCC_Group3_EnableBusClock           0x00000ff8   Section        0  fm33lc0xx_ll_uart.o(i.LL_RCC_Group3_EnableBusClock)
    LL_RCC_Group3_EnableBusClock             0x00000ff9   Thumb Code    12  fm33lc0xx_ll_uart.o(i.LL_RCC_Group3_EnableBusClock)
    i.LL_RCC_SetRCHFFrequency                0x00001008   Section        0  systick.o(i.LL_RCC_SetRCHFFrequency)
    LL_RCC_SetRCHFFrequency                  0x00001009   Thumb Code    18  systick.o(i.LL_RCC_SetRCHFFrequency)
    i.LL_RCC_SetRCHFTrimValue                0x00001020   Section        0  systick.o(i.LL_RCC_SetRCHFTrimValue)
    LL_RCC_SetRCHFTrimValue                  0x00001021   Thumb Code    16  systick.o(i.LL_RCC_SetRCHFTrimValue)
    i.LL_UART_Init                           0x00001034   Section        0  fm33lc0xx_ll_uart.o(i.LL_UART_Init)
    i.MF_GPIO_Config                         0x00001304   Section        0  mf_config.o(i.MF_GPIO_Config)
    i.NVIC_SetPriority                       0x0000130c   Section        0  uart.o(i.NVIC_SetPriority)
    NVIC_SetPriority                         0x0000130d   Thumb Code   110  uart.o(i.NVIC_SetPriority)
    i.SystemInit                             0x00001384   Section        0  system_fm33lc0xx.o(i.SystemInit)
    i.UART0_IRQHandler                       0x00001438   Section        0  uart.o(i.UART0_IRQHandler)
    i.User_Systick_Init                      0x00001488   Section        0  systick.o(i.User_Systick_Init)
    i.__ARM_common_switch8                   0x00001490   Section        0  fm33lc0xx_ll_lpuart.o(i.__ARM_common_switch8)
    i.__get_PRIMASK                          0x000014ac   Section        0  fm33lc0xx_ll_flash.o(i.__get_PRIMASK)
    __get_PRIMASK                            0x000014ad   Thumb Code     6  fm33lc0xx_ll_flash.o(i.__get_PRIMASK)
    i.__set_PRIMASK                          0x000014b2   Section        0  fm33lc0xx_ll_flash.o(i.__set_PRIMASK)
    __set_PRIMASK                            0x000014b3   Thumb Code     6  fm33lc0xx_ll_flash.o(i.__set_PRIMASK)
    i.cal_crc16                              0x000014b8   Section        0  iap.o(i.cal_crc16)
    i.clock_init                             0x000014ec   Section        0  systick.o(i.clock_init)
    clock_init                               0x000014ed   Thumb Code   316  systick.o(i.clock_init)
    i.deinit_system                          0x00001640   Section        0  app.o(i.deinit_system)
    deinit_system                            0x00001641   Thumb Code    92  app.o(i.deinit_system)
    i.flash_program_buff                     0x000016a4   Section        0  flash.o(i.flash_program_buff)
    i.flash_read_word                        0x000016d4   Section        0  flash.o(i.flash_read_word)
    i.flash_write_buff                       0x000016da   Section        0  flash.o(i.flash_write_buff)
    i.iap_ack                                0x00001718   Section        0  iap.o(i.iap_ack)
    i.iap_load_app                           0x000017ac   Section        0  iap.o(i.iap_load_app)
    i.iap_recv_proc                          0x000017be   Section        0  iap.o(i.iap_recv_proc)
    i.iap_write_flash                        0x00001828   Section        0  iap.o(i.iap_write_flash)
    i.main                                   0x000018bc   Section        0  main.o(i.main)
    i.uart_get_rx_cnt                        0x000018c8   Section        0  uart.o(i.uart_get_rx_cnt)
    i.uart_init                              0x000018e4   Section        0  uart.o(i.uart_init)
    i.uart_isr_rx_timeout                    0x000019d4   Section        0  uart.o(i.uart_isr_rx_timeout)
    uart_isr_rx_timeout                      0x000019d5   Thumb Code     8  uart.o(i.uart_isr_rx_timeout)
    i.uart_recv_data                         0x000019e0   Section        0  uart.o(i.uart_recv_data)
    i.uart_recv_irq_proc                     0x00001a5c   Section        0  uart.o(i.uart_recv_irq_proc)
    uart_recv_irq_proc                       0x00001a5d   Thumb Code    74  uart.o(i.uart_recv_irq_proc)
    i.uart_transmit_buf                      0x00001ab0   Section        0  uart.o(i.uart_transmit_buf)
    .constdata                               0x00001af8   Section      520  iap.o(.constdata)
    s_CRCH                                   0x00001af8   Data         256  iap.o(.constdata)
    .data                                    0x20000000   Section       40  app.o(.data)
    boot_resp                                0x20000000   Data          35  app.o(.data)
    .data                                    0x20000028   Section        4  systick.o(.data)
    .bss                                     0x2000002c   Section     1040  app.o(.bss)
    pack_data                                0x2000002c   Data        1040  app.o(.bss)
    .bss                                     0x2000043c   Section     1024  iap.o(.bss)
    .bss                                     0x2000083c   Section     1056  uart.o(.bss)
    usb_uart                                 0x2000083c   Data          16  uart.o(.bss)
    usb_buff                                 0x2000084c   Data        1040  uart.o(.bss)
    .bss                                     0x20000c5c   Section       96  libspace.o(.bss)
    HEAP                                     0x20000cc0   Section     2048  startup_fm33lc0xx.o(HEAP)
    Heap_Mem                                 0x20000cc0   Data        2048  startup_fm33lc0xx.o(HEAP)
    STACK                                    0x200014c0   Section     2048  startup_fm33lc0xx.o(STACK)
    Stack_Mem                                0x200014c0   Data        2048  startup_fm33lc0xx.o(STACK)
    __initial_sp                             0x20001cc0   Data           0  startup_fm33lc0xx.o(STACK)

    Global Symbols

    Symbol Name                              Value     Ov Type        Size  Object(Section)

    BuildAttributes$$THM_ISAv3M$S$PE$A:L22$X:L11$S22$IEEE1$IW$USESV6$~STKCKD$USESV7$~SHL$OSPACE$ROPI$EBA8$UX$STANDARDLIB$REQ8$PRES8$EABIv2 0x00000000   Number         0  anon$$obj.o ABSOLUTE
    __ARM_use_no_argv                        0x00000000   Number         0  main.o ABSOLUTE
    __Vectors                                0x00000000   Data           4  startup_fm33lc0xx.o(RESET)
    __ARM_exceptions_init                     - Undefined Weak Reference
    __alloca_initialize                       - Undefined Weak Reference
    __arm_fini_                               - Undefined Weak Reference
    __arm_preinit_                            - Undefined Weak Reference
    __cpp_initialize__aeabi_                  - Undefined Weak Reference
    __cxa_finalize                            - Undefined Weak Reference
    __rt_locale                               - Undefined Weak Reference
    __sigvec_lookup                           - Undefined Weak Reference
    _atexit_init                              - Undefined Weak Reference
    _call_atexit_fns                          - Undefined Weak Reference
    _clock_init                               - Undefined Weak Reference
    _fp_trap_init                             - Undefined Weak Reference
    _fp_trap_shutdown                         - Undefined Weak Reference
    _get_lc_collate                           - Undefined Weak Reference
    _get_lc_ctype                             - Undefined Weak Reference
    _get_lc_monetary                          - Undefined Weak Reference
    _get_lc_numeric                           - Undefined Weak Reference
    _get_lc_time                              - Undefined Weak Reference
    _getenv_init                              - Undefined Weak Reference
    _handle_redirection                       - Undefined Weak Reference
    _init_alloc                               - Undefined Weak Reference
    _init_user_alloc                          - Undefined Weak Reference
    _initio                                   - Undefined Weak Reference
    _printf_post_padding                      - Undefined Weak Reference
    _printf_pre_padding                       - Undefined Weak Reference
    _printf_truncate_signed                   - Undefined Weak Reference
    _printf_truncate_unsigned                 - Undefined Weak Reference
    _rand_init                                - Undefined Weak Reference
    _signal_finish                            - Undefined Weak Reference
    _signal_init                              - Undefined Weak Reference
    _terminate_alloc                          - Undefined Weak Reference
    _terminate_user_alloc                     - Undefined Weak Reference
    _terminateio                              - Undefined Weak Reference
    __Vectors_End                            0x000000c0   Data           0  startup_fm33lc0xx.o(RESET)
    __Vectors_Size                           0x000000c0   Number         0  startup_fm33lc0xx.o ABSOLUTE
    __main                                   0x000000c1   Thumb Code     8  __main.o(!!!main)
    __scatterload                            0x000000c9   Thumb Code     0  __scatter.o(!!!scatter)
    __scatterload_rt2                        0x000000c9   Thumb Code    52  __scatter.o(!!!scatter)
    __scatterload_rt2_thumb_only             0x000000c9   Thumb Code     0  __scatter.o(!!!scatter)
    __scatterload_null                       0x000000d9   Thumb Code     0  __scatter.o(!!!scatter)
    __scatterload_copy                       0x00000105   Thumb Code    26  __scatter_copy.o(!!handler_copy)
    __scatterload_zeroinit                   0x00000121   Thumb Code    28  __scatter_zi.o(!!handler_zi)
    _printf_percent                          0x0000013d   Thumb Code     0  _printf_percent.o(.ARM.Collect$$_printf_percent$$00000000)
    _printf_d                                0x0000013f   Thumb Code     0  _printf_d.o(.ARM.Collect$$_printf_percent$$00000009)
    _printf_percent_end                      0x00000149   Thumb Code     0  _printf_percent_end.o(.ARM.Collect$$_printf_percent$$00000017)
    __rt_lib_init                            0x0000014d   Thumb Code     0  libinit.o(.ARM.Collect$$libinit$$00000000)
    __rt_lib_init_alloca_1                   0x0000014f   Thumb Code     0  libinit2.o(.ARM.Collect$$libinit$$0000002E)
    __rt_lib_init_argv_1                     0x0000014f   Thumb Code     0  libinit2.o(.ARM.Collect$$libinit$$0000002C)
    __rt_lib_init_atexit_1                   0x0000014f   Thumb Code     0  libinit2.o(.ARM.Collect$$libinit$$0000001B)
    __rt_lib_init_clock_1                    0x0000014f   Thumb Code     0  libinit2.o(.ARM.Collect$$libinit$$00000021)
    __rt_lib_init_cpp_1                      0x0000014f   Thumb Code     0  libinit2.o(.ARM.Collect$$libinit$$00000032)
    __rt_lib_init_exceptions_1               0x0000014f   Thumb Code     0  libinit2.o(.ARM.Collect$$libinit$$00000030)
    __rt_lib_init_fp_1                       0x0000014f   Thumb Code     0  libinit2.o(.ARM.Collect$$libinit$$00000002)
    __rt_lib_init_fp_trap_1                  0x0000014f   Thumb Code     0  libinit2.o(.ARM.Collect$$libinit$$0000001F)
    __rt_lib_init_getenv_1                   0x0000014f   Thumb Code     0  libinit2.o(.ARM.Collect$$libinit$$00000023)
    __rt_lib_init_heap_1                     0x0000014f   Thumb Code     0  libinit2.o(.ARM.Collect$$libinit$$0000000A)
    __rt_lib_init_lc_collate_1               0x0000014f   Thumb Code     0  libinit2.o(.ARM.Collect$$libinit$$00000011)
    __rt_lib_init_lc_ctype_1                 0x0000014f   Thumb Code     0  libinit2.o(.ARM.Collect$$libinit$$00000013)
    __rt_lib_init_lc_monetary_1              0x0000014f   Thumb Code     0  libinit2.o(.ARM.Collect$$libinit$$00000015)
    __rt_lib_init_lc_numeric_1               0x0000014f   Thumb Code     0  libinit2.o(.ARM.Collect$$libinit$$00000017)
    __rt_lib_init_lc_time_1                  0x0000014f   Thumb Code     0  libinit2.o(.ARM.Collect$$libinit$$00000019)
    __rt_lib_init_preinit_1                  0x0000014f   Thumb Code     0  libinit2.o(.ARM.Collect$$libinit$$00000004)
    __rt_lib_init_rand_1                     0x0000014f   Thumb Code     0  libinit2.o(.ARM.Collect$$libinit$$0000000E)
    __rt_lib_init_return                     0x0000014f   Thumb Code     0  libinit2.o(.ARM.Collect$$libinit$$00000033)
    __rt_lib_init_signal_1                   0x0000014f   Thumb Code     0  libinit2.o(.ARM.Collect$$libinit$$0000001D)
    __rt_lib_init_stdio_1                    0x0000014f   Thumb Code     0  libinit2.o(.ARM.Collect$$libinit$$00000025)
    __rt_lib_init_user_alloc_1               0x0000014f   Thumb Code     0  libinit2.o(.ARM.Collect$$libinit$$0000000C)
    __rt_lib_shutdown                        0x00000151   Thumb Code     0  libshutdown.o(.ARM.Collect$$libshutdown$$00000000)
    __rt_lib_shutdown_cpp_1                  0x00000153   Thumb Code     0  libshutdown2.o(.ARM.Collect$$libshutdown$$00000004)
    __rt_lib_shutdown_fini_1                 0x00000153   Thumb Code     0  libshutdown2.o(.ARM.Collect$$libshutdown$$00000002)
    __rt_lib_shutdown_fp_trap_1              0x00000153   Thumb Code     0  libshutdown2.o(.ARM.Collect$$libshutdown$$00000009)
    __rt_lib_shutdown_heap_1                 0x00000153   Thumb Code     0  libshutdown2.o(.ARM.Collect$$libshutdown$$00000011)
    __rt_lib_shutdown_return                 0x00000153   Thumb Code     0  libshutdown2.o(.ARM.Collect$$libshutdown$$00000012)
    __rt_lib_shutdown_signal_1               0x00000153   Thumb Code     0  libshutdown2.o(.ARM.Collect$$libshutdown$$0000000C)
    __rt_lib_shutdown_stdio_1                0x00000153   Thumb Code     0  libshutdown2.o(.ARM.Collect$$libshutdown$$00000006)
    __rt_lib_shutdown_user_alloc_1           0x00000153   Thumb Code     0  libshutdown2.o(.ARM.Collect$$libshutdown$$0000000E)
    __rt_entry                               0x00000155   Thumb Code     0  __rtentry.o(.ARM.Collect$$rtentry$$00000000)
    __rt_entry_presh_1                       0x00000155   Thumb Code     0  __rtentry2.o(.ARM.Collect$$rtentry$$00000002)
    __rt_entry_sh                            0x00000155   Thumb Code     0  __rtentry4.o(.ARM.Collect$$rtentry$$00000004)
    __rt_entry_li                            0x0000015b   Thumb Code     0  __rtentry2.o(.ARM.Collect$$rtentry$$0000000A)
    __rt_entry_postsh_1                      0x0000015b   Thumb Code     0  __rtentry2.o(.ARM.Collect$$rtentry$$00000009)
    __rt_entry_main                          0x0000015f   Thumb Code     0  __rtentry2.o(.ARM.Collect$$rtentry$$0000000D)
    __rt_entry_postli_1                      0x0000015f   Thumb Code     0  __rtentry2.o(.ARM.Collect$$rtentry$$0000000C)
    __rt_exit                                0x00000167   Thumb Code     0  rtexit.o(.ARM.Collect$$rtexit$$00000000)
    __rt_exit_ls                             0x00000169   Thumb Code     0  rtexit2.o(.ARM.Collect$$rtexit$$00000003)
    __rt_exit_prels_1                        0x00000169   Thumb Code     0  rtexit2.o(.ARM.Collect$$rtexit$$00000002)
    __rt_exit_exit                           0x0000016d   Thumb Code     0  rtexit2.o(.ARM.Collect$$rtexit$$00000004)
    __aeabi_memcpy4                          0x00000175   Thumb Code    56  rt_memcpy.o(.emb_text)
    __aeabi_memcpy8                          0x00000175   Thumb Code     0  rt_memcpy.o(.emb_text)
    Reset_Handler                            0x000001ad   Thumb Code     8  startup_fm33lc0xx.o(.text)
    NMI_Handler                              0x000001b5   Thumb Code     2  startup_fm33lc0xx.o(.text)
    HardFault_Handler                        0x000001b7   Thumb Code     2  startup_fm33lc0xx.o(.text)
    SVC_Handler                              0x000001b9   Thumb Code     2  startup_fm33lc0xx.o(.text)
    PendSV_Handler                           0x000001bb   Thumb Code     2  startup_fm33lc0xx.o(.text)
    SysTick_Handler                          0x000001bd   Thumb Code     2  startup_fm33lc0xx.o(.text)
    ADC_IRQHandler                           0x000001bf   Thumb Code     0  startup_fm33lc0xx.o(.text)
    AES_IRQHandler                           0x000001bf   Thumb Code     0  startup_fm33lc0xx.o(.text)
    ATIM_IRQHandler                          0x000001bf   Thumb Code     0  startup_fm33lc0xx.o(.text)
    BSTIM_IRQHandler                         0x000001bf   Thumb Code     0  startup_fm33lc0xx.o(.text)
    COMPx_IRQHandler                         0x000001bf   Thumb Code     0  startup_fm33lc0xx.o(.text)
    DMA_IRQHandler                           0x000001bf   Thumb Code     0  startup_fm33lc0xx.o(.text)
    FLASH_IRQHandler                         0x000001bf   Thumb Code     0  startup_fm33lc0xx.o(.text)
    GPIO_IRQHandler                          0x000001bf   Thumb Code     0  startup_fm33lc0xx.o(.text)
    GPTIM0_IRQHandler                        0x000001bf   Thumb Code     0  startup_fm33lc0xx.o(.text)
    GPTIM1_IRQHandler                        0x000001bf   Thumb Code     0  startup_fm33lc0xx.o(.text)
    HFDET_IRQHandler                         0x000001bf   Thumb Code     0  startup_fm33lc0xx.o(.text)
    I2C_IRQHandler                           0x000001bf   Thumb Code     0  startup_fm33lc0xx.o(.text)
    IWDT_IRQHandler                          0x000001bf   Thumb Code     0  startup_fm33lc0xx.o(.text)
    LCD_IRQHandler                           0x000001bf   Thumb Code     0  startup_fm33lc0xx.o(.text)
    LFDET_IRQHandler                         0x000001bf   Thumb Code     0  startup_fm33lc0xx.o(.text)
    LPTIM_IRQHandler                         0x000001bf   Thumb Code     0  startup_fm33lc0xx.o(.text)
    LPUART0_IRQHandler                       0x000001bf   Thumb Code     0  startup_fm33lc0xx.o(.text)
    LPUART1_IRQHandler                       0x000001bf   Thumb Code     0  startup_fm33lc0xx.o(.text)
    OPAx_IRQHandler                          0x000001bf   Thumb Code     0  startup_fm33lc0xx.o(.text)
    RTC_IRQHandler                           0x000001bf   Thumb Code     0  startup_fm33lc0xx.o(.text)
    SPI1_IRQHandler                          0x000001bf   Thumb Code     0  startup_fm33lc0xx.o(.text)
    SPI2_IRQHandler                          0x000001bf   Thumb Code     0  startup_fm33lc0xx.o(.text)
    SVD_IRQHandler                           0x000001bf   Thumb Code     0  startup_fm33lc0xx.o(.text)
    U7816_IRQHandler                         0x000001bf   Thumb Code     0  startup_fm33lc0xx.o(.text)
    UART1_IRQHandler                         0x000001bf   Thumb Code     0  startup_fm33lc0xx.o(.text)
    UART4_IRQHandler                         0x000001bf   Thumb Code     0  startup_fm33lc0xx.o(.text)
    UART5_IRQHandler                         0x000001bf   Thumb Code     0  startup_fm33lc0xx.o(.text)
    USB_IRQHandler                           0x000001bf   Thumb Code     0  startup_fm33lc0xx.o(.text)
    VREF_IRQHandler                          0x000001bf   Thumb Code     0  startup_fm33lc0xx.o(.text)
    WKUP_IRQHandler                          0x000001bf   Thumb Code     0  startup_fm33lc0xx.o(.text)
    WWDT_IRQHandler                          0x000001bf   Thumb Code     0  startup_fm33lc0xx.o(.text)
    __user_initial_stackheap                 0x000001c1   Thumb Code     0  startup_fm33lc0xx.o(.text)
    __2sprintf                               0x000001e5   Thumb Code    36  noretval__2sprintf.o(.text)
    __printf                                 0x0000020d   Thumb Code   108  __printf.o(.text)
    _printf_int_dec                          0x00000279   Thumb Code    90  _printf_dec.o(.text)
    strlen                                   0x000002e5   Thumb Code    62  strlen.o(.text)
    strcat                                   0x00000329   Thumb Code    24  strcat.o(.text)
    __aeabi_memcpy                           0x00000341   Thumb Code   130  rt_memcpy.o(.text)
    __rt_memcpy                              0x00000341   Thumb Code     0  rt_memcpy.o(.text)
    _memset_w                                0x000003c3   Thumb Code    26  rt_memclr.o(.text)
    _memset                                  0x000003dd   Thumb Code    30  rt_memclr.o(.text)
    __aeabi_memclr                           0x000003fb   Thumb Code     4  rt_memclr.o(.text)
    __rt_memclr                              0x000003fb   Thumb Code     0  rt_memclr.o(.text)
    __aeabi_memclr4                          0x000003ff   Thumb Code     0  rt_memclr.o(.text)
    __aeabi_memclr8                          0x000003ff   Thumb Code     0  rt_memclr.o(.text)
    __rt_memclr_w                            0x000003ff   Thumb Code     4  rt_memclr.o(.text)
    __aeabi_uidiv                            0x00000403   Thumb Code     0  aeabi_sdiv.o(.text)
    __aeabi_uidivmod                         0x00000403   Thumb Code    20  aeabi_sdiv.o(.text)
    __aeabi_idiv                             0x00000417   Thumb Code     0  aeabi_sdiv.o(.text)
    __aeabi_idivmod                          0x00000417   Thumb Code   326  aeabi_sdiv.o(.text)
    __use_two_region_memory                  0x0000055d   Thumb Code     2  heapauxi.o(.text)
    __rt_heap_escrow$2region                 0x0000055f   Thumb Code     2  heapauxi.o(.text)
    __rt_heap_expand$2region                 0x00000561   Thumb Code     2  heapauxi.o(.text)
    _printf_int_common                       0x00000563   Thumb Code   176  _printf_intcommon.o(.text)
    _printf_char_common                      0x0000061f   Thumb Code    32  _printf_char_common.o(.text)
    _sputc                                   0x00000645   Thumb Code    10  _sputc.o(.text)
    __rt_udiv10                              0x0000064f   Thumb Code    40  rtudiv10.o(.text)
    __user_setup_stackheap                   0x00000677   Thumb Code    62  sys_stackheap_outer.o(.text)
    exit                                     0x000006b5   Thumb Code    16  exit.o(.text)
    __user_libspace                          0x000006c5   Thumb Code     8  libspace.o(.text)
    __user_perproc_libspace                  0x000006c5   Thumb Code     0  libspace.o(.text)
    __user_perthread_libspace                0x000006c5   Thumb Code     0  libspace.o(.text)
    _sys_exit                                0x000006cd   Thumb Code     8  sys_exit.o(.text)
    __I$use$semihosting                      0x000006d9   Thumb Code     0  use_no_semi.o(.text)
    __use_no_semihosting_swi                 0x000006d9   Thumb Code     2  use_no_semi.o(.text)
    __semihosting_library_function           0x000006db   Thumb Code     0  indicate_semi.o(.text)
    App_Handle                               0x000006dd   Thumb Code   198  app.o(i.App_Handle)
    App_Init                                 0x000007c9   Thumb Code    38  app.o(i.App_Init)
    LL_FLASH_Program_Word                    0x00000855   Thumb Code   254  fm33lc0xx_ll_flash.o(i.LL_FLASH_Program_Word)
    LL_FLASH_SectorErase                     0x00000969   Thumb Code   262  fm33lc0xx_ll_flash.o(i.LL_FLASH_SectorErase)
    LL_GPIO_ALLPIN_LPM_MODE                  0x00000ac1   Thumb Code   128  fm33lc0xx_ll_gpio.o(i.LL_GPIO_ALLPIN_LPM_MODE)
    LL_GPIO_Init                             0x00000b4d   Thumb Code   398  fm33lc0xx_ll_gpio.o(i.LL_GPIO_Init)
    LL_GPIO_StructInit                       0x00000cf5   Thumb Code    20  fm33lc0xx_ll_gpio.o(i.LL_GPIO_StructInit)
    LL_RCC_GetAHBClockFreq                   0x00000d0d   Thumb Code    84  fm33lc0xx_ll_rcc.o(i.LL_RCC_GetAHBClockFreq)
    LL_RCC_GetAPB1ClockFreq                  0x00000d65   Thumb Code    84  fm33lc0xx_ll_rcc.o(i.LL_RCC_GetAPB1ClockFreq)
    LL_RCC_GetAPB2ClockFreq                  0x00000dbd   Thumb Code    84  fm33lc0xx_ll_rcc.o(i.LL_RCC_GetAPB2ClockFreq)
    LL_RCC_GetPLLClockFreq                   0x00000e15   Thumb Code   146  fm33lc0xx_ll_rcc.o(i.LL_RCC_GetPLLClockFreq)
    LL_RCC_GetRC4MClockFreq                  0x00000eb1   Thumb Code    58  fm33lc0xx_ll_rcc.o(i.LL_RCC_GetRC4MClockFreq)
    LL_RCC_GetRCHFClockFreq                  0x00000f01   Thumb Code    50  fm33lc0xx_ll_rcc.o(i.LL_RCC_GetRCHFClockFreq)
    LL_RCC_GetSystemClockFreq                0x00000f45   Thumb Code    72  fm33lc0xx_ll_rcc.o(i.LL_RCC_GetSystemClockFreq)
    LL_RCC_GetUSBClockFreqToSysclk           0x00000f95   Thumb Code    22  fm33lc0xx_ll_rcc.o(i.LL_RCC_GetUSBClockFreqToSysclk)
    LL_UART_Init                             0x00001035   Thumb Code   700  fm33lc0xx_ll_uart.o(i.LL_UART_Init)
    MF_GPIO_Config                           0x00001305   Thumb Code     8  mf_config.o(i.MF_GPIO_Config)
    SystemInit                               0x00001385   Thumb Code   164  system_fm33lc0xx.o(i.SystemInit)
    UART0_IRQHandler                         0x00001439   Thumb Code    76  uart.o(i.UART0_IRQHandler)
    User_Systick_Init                        0x00001489   Thumb Code     8  systick.o(i.User_Systick_Init)
    __ARM_common_switch8                     0x00001491   Thumb Code    28  fm33lc0xx_ll_lpuart.o(i.__ARM_common_switch8)
    cal_crc16                                0x000014b9   Thumb Code    44  iap.o(i.cal_crc16)
    flash_program_buff                       0x000016a5   Thumb Code    44  flash.o(i.flash_program_buff)
    flash_read_word                          0x000016d5   Thumb Code     6  flash.o(i.flash_read_word)
    flash_write_buff                         0x000016db   Thumb Code    62  flash.o(i.flash_write_buff)
    iap_ack                                  0x00001719   Thumb Code   144  iap.o(i.iap_ack)
    iap_load_app                             0x000017ad   Thumb Code    18  iap.o(i.iap_load_app)
    iap_recv_proc                            0x000017bf   Thumb Code   106  iap.o(i.iap_recv_proc)
    iap_write_flash                          0x00001829   Thumb Code   124  iap.o(i.iap_write_flash)
    main                                     0x000018bd   Thumb Code    12  main.o(i.main)
    uart_get_rx_cnt                          0x000018c9   Thumb Code    22  uart.o(i.uart_get_rx_cnt)
    uart_init                                0x000018e5   Thumb Code   218  uart.o(i.uart_init)
    uart_recv_data                           0x000019e1   Thumb Code   118  uart.o(i.uart_recv_data)
    uart_transmit_buf                        0x00001ab1   Thumb Code    68  uart.o(i.uart_transmit_buf)
    s_CRCLo                                  0x00001bf8   Data         256  iap.o(.constdata)
    Region$$Table$$Base                      0x00001d00   Number         0  anon$$obj.o(Region$$Table)
    Region$$Table$$Limit                     0x00001d20   Number         0  anon$$obj.o(Region$$Table)
    fun_code                                 0x20000023   Data           1  app.o(.data)
    cnt                                      0x20000024   Data           1  app.o(.data)
    len                                      0x20000026   Data           2  app.o(.data)
    systemClock                              0x20000028   Data           4  systick.o(.data)
    flash_buff                               0x2000043c   Data        1024  iap.o(.bss)
    __libspace_start                         0x20000c5c   Data          96  libspace.o(.bss)
    __temporary_stack_top$libspace           0x20000cbc   Data           0  libspace.o(.bss)



==============================================================================

Memory Map of the image

  Image Entry point : 0x000000c1

  Load Region LR_IROM1 (Base: 0x00000000, Size: 0x00001d4c, Max: 0x00040000, ABSOLUTE)

    Execution Region ER_IROM1 (Exec base: 0x00000000, Load base: 0x00000000, Size: 0x00001d20, Max: 0x00040000, ABSOLUTE)

    Exec Addr    Load Addr    Size         Type   Attr      Idx    E Section Name        Object

    0x00000000   0x00000000   0x000000c0   Data   RO            3    RESET               startup_fm33lc0xx.o
    0x000000c0   0x000000c0   0x00000008   Code   RO         2156  * !!!main             c_p.l(__main.o)
    0x000000c8   0x000000c8   0x0000003c   Code   RO         2359    !!!scatter          c_p.l(__scatter.o)
    0x00000104   0x00000104   0x0000001a   Code   RO         2361    !!handler_copy      c_p.l(__scatter_copy.o)
    0x0000011e   0x0000011e   0x00000002   PAD
    0x00000120   0x00000120   0x0000001c   Code   RO         2363    !!handler_zi        c_p.l(__scatter_zi.o)
    0x0000013c   0x0000013c   0x00000002   Code   RO         2139    .ARM.Collect$$_printf_percent$$00000000  c_p.l(_printf_percent.o)
    0x0000013e   0x0000013e   0x0000000a   Code   RO         2138    .ARM.Collect$$_printf_percent$$00000009  c_p.l(_printf_d.o)
    0x00000148   0x00000148   0x00000004   Code   RO         2189    .ARM.Collect$$_printf_percent$$00000017  c_p.l(_printf_percent_end.o)
    0x0000014c   0x0000014c   0x00000002   Code   RO         2226    .ARM.Collect$$libinit$$00000000  c_p.l(libinit.o)
    0x0000014e   0x0000014e   0x00000000   Code   RO         2240    .ARM.Collect$$libinit$$00000002  c_p.l(libinit2.o)
    0x0000014e   0x0000014e   0x00000000   Code   RO         2242    .ARM.Collect$$libinit$$00000004  c_p.l(libinit2.o)
    0x0000014e   0x0000014e   0x00000000   Code   RO         2245    .ARM.Collect$$libinit$$0000000A  c_p.l(libinit2.o)
    0x0000014e   0x0000014e   0x00000000   Code   RO         2247    .ARM.Collect$$libinit$$0000000C  c_p.l(libinit2.o)
    0x0000014e   0x0000014e   0x00000000   Code   RO         2249    .ARM.Collect$$libinit$$0000000E  c_p.l(libinit2.o)
    0x0000014e   0x0000014e   0x00000000   Code   RO         2252    .ARM.Collect$$libinit$$00000011  c_p.l(libinit2.o)
    0x0000014e   0x0000014e   0x00000000   Code   RO         2254    .ARM.Collect$$libinit$$00000013  c_p.l(libinit2.o)
    0x0000014e   0x0000014e   0x00000000   Code   RO         2256    .ARM.Collect$$libinit$$00000015  c_p.l(libinit2.o)
    0x0000014e   0x0000014e   0x00000000   Code   RO         2258    .ARM.Collect$$libinit$$00000017  c_p.l(libinit2.o)
    0x0000014e   0x0000014e   0x00000000   Code   RO         2260    .ARM.Collect$$libinit$$00000019  c_p.l(libinit2.o)
    0x0000014e   0x0000014e   0x00000000   Code   RO         2262    .ARM.Collect$$libinit$$0000001B  c_p.l(libinit2.o)
    0x0000014e   0x0000014e   0x00000000   Code   RO         2264    .ARM.Collect$$libinit$$0000001D  c_p.l(libinit2.o)
    0x0000014e   0x0000014e   0x00000000   Code   RO         2266    .ARM.Collect$$libinit$$0000001F  c_p.l(libinit2.o)
    0x0000014e   0x0000014e   0x00000000   Code   RO         2268    .ARM.Collect$$libinit$$00000021  c_p.l(libinit2.o)
    0x0000014e   0x0000014e   0x00000000   Code   RO         2270    .ARM.Collect$$libinit$$00000023  c_p.l(libinit2.o)
    0x0000014e   0x0000014e   0x00000000   Code   RO         2272    .ARM.Collect$$libinit$$00000025  c_p.l(libinit2.o)
    0x0000014e   0x0000014e   0x00000000   Code   RO         2276    .ARM.Collect$$libinit$$0000002C  c_p.l(libinit2.o)
    0x0000014e   0x0000014e   0x00000000   Code   RO         2278    .ARM.Collect$$libinit$$0000002E  c_p.l(libinit2.o)
    0x0000014e   0x0000014e   0x00000000   Code   RO         2280    .ARM.Collect$$libinit$$00000030  c_p.l(libinit2.o)
    0x0000014e   0x0000014e   0x00000000   Code   RO         2282    .ARM.Collect$$libinit$$00000032  c_p.l(libinit2.o)
    0x0000014e   0x0000014e   0x00000002   Code   RO         2283    .ARM.Collect$$libinit$$00000033  c_p.l(libinit2.o)
    0x00000150   0x00000150   0x00000002   Code   RO         2314    .ARM.Collect$$libshutdown$$00000000  c_p.l(libshutdown.o)
    0x00000152   0x00000152   0x00000000   Code   RO         2340    .ARM.Collect$$libshutdown$$00000002  c_p.l(libshutdown2.o)
    0x00000152   0x00000152   0x00000000   Code   RO         2342    .ARM.Collect$$libshutdown$$00000004  c_p.l(libshutdown2.o)
    0x00000152   0x00000152   0x00000000   Code   RO         2344    .ARM.Collect$$libshutdown$$00000006  c_p.l(libshutdown2.o)
    0x00000152   0x00000152   0x00000000   Code   RO         2347    .ARM.Collect$$libshutdown$$00000009  c_p.l(libshutdown2.o)
    0x00000152   0x00000152   0x00000000   Code   RO         2350    .ARM.Collect$$libshutdown$$0000000C  c_p.l(libshutdown2.o)
    0x00000152   0x00000152   0x00000000   Code   RO         2352    .ARM.Collect$$libshutdown$$0000000E  c_p.l(libshutdown2.o)
    0x00000152   0x00000152   0x00000000   Code   RO         2355    .ARM.Collect$$libshutdown$$00000011  c_p.l(libshutdown2.o)
    0x00000152   0x00000152   0x00000002   Code   RO         2356    .ARM.Collect$$libshutdown$$00000012  c_p.l(libshutdown2.o)
    0x00000154   0x00000154   0x00000000   Code   RO         2178    .ARM.Collect$$rtentry$$00000000  c_p.l(__rtentry.o)
    0x00000154   0x00000154   0x00000000   Code   RO         2194    .ARM.Collect$$rtentry$$00000002  c_p.l(__rtentry2.o)
    0x00000154   0x00000154   0x00000006   Code   RO         2206    .ARM.Collect$$rtentry$$00000004  c_p.l(__rtentry4.o)
    0x0000015a   0x0000015a   0x00000000   Code   RO         2196    .ARM.Collect$$rtentry$$00000009  c_p.l(__rtentry2.o)
    0x0000015a   0x0000015a   0x00000004   Code   RO         2197    .ARM.Collect$$rtentry$$0000000A  c_p.l(__rtentry2.o)
    0x0000015e   0x0000015e   0x00000000   Code   RO         2199    .ARM.Collect$$rtentry$$0000000C  c_p.l(__rtentry2.o)
    0x0000015e   0x0000015e   0x00000008   Code   RO         2200    .ARM.Collect$$rtentry$$0000000D  c_p.l(__rtentry2.o)
    0x00000166   0x00000166   0x00000002   Code   RO         2231    .ARM.Collect$$rtexit$$00000000  c_p.l(rtexit.o)
    0x00000168   0x00000168   0x00000000   Code   RO         2287    .ARM.Collect$$rtexit$$00000002  c_p.l(rtexit2.o)
    0x00000168   0x00000168   0x00000004   Code   RO         2288    .ARM.Collect$$rtexit$$00000003  c_p.l(rtexit2.o)
    0x0000016c   0x0000016c   0x00000006   Code   RO         2289    .ARM.Collect$$rtexit$$00000004  c_p.l(rtexit2.o)
    0x00000172   0x00000172   0x00000002   PAD
    0x00000174   0x00000174   0x00000038   Code   RO         2144    .emb_text           c_p.l(rt_memcpy.o)
    0x000001ac   0x000001ac   0x00000038   Code   RO            4    .text               startup_fm33lc0xx.o
    0x000001e4   0x000001e4   0x00000028   Code   RO         2112    .text               c_p.l(noretval__2sprintf.o)
    0x0000020c   0x0000020c   0x0000006c   Code   RO         2114    .text               c_p.l(__printf.o)
    0x00000278   0x00000278   0x0000006c   Code   RO         2116    .text               c_p.l(_printf_dec.o)
    0x000002e4   0x000002e4   0x00000044   Code   RO         2140    .text               c_p.l(strlen.o)
    0x00000328   0x00000328   0x00000018   Code   RO         2142    .text               c_p.l(strcat.o)
    0x00000340   0x00000340   0x00000082   Code   RO         2145    .text               c_p.l(rt_memcpy.o)
    0x000003c2   0x000003c2   0x00000040   Code   RO         2148    .text               c_p.l(rt_memclr.o)
    0x00000402   0x00000402   0x0000015a   Code   RO         2150    .text               c_p.l(aeabi_sdiv.o)
    0x0000055c   0x0000055c   0x00000006   Code   RO         2154    .text               c_p.l(heapauxi.o)
    0x00000562   0x00000562   0x000000b0   Code   RO         2183    .text               c_p.l(_printf_intcommon.o)
    0x00000612   0x00000612   0x00000002   PAD
    0x00000614   0x00000614   0x00000030   Code   RO         2185    .text               c_p.l(_printf_char_common.o)
    0x00000644   0x00000644   0x0000000a   Code   RO         2187    .text               c_p.l(_sputc.o)
    0x0000064e   0x0000064e   0x00000028   Code   RO         2190    .text               c_p.l(rtudiv10.o)
    0x00000676   0x00000676   0x0000003e   Code   RO         2212    .text               c_p.l(sys_stackheap_outer.o)
    0x000006b4   0x000006b4   0x00000010   Code   RO         2215    .text               c_p.l(exit.o)
    0x000006c4   0x000006c4   0x00000008   Code   RO         2227    .text               c_p.l(libspace.o)
    0x000006cc   0x000006cc   0x0000000c   Code   RO         2284    .text               c_p.l(sys_exit.o)
    0x000006d8   0x000006d8   0x00000002   Code   RO         2303    .text               c_p.l(use_no_semi.o)
    0x000006da   0x000006da   0x00000000   Code   RO         2305    .text               c_p.l(indicate_semi.o)
    0x000006da   0x000006da   0x00000002   PAD
    0x000006dc   0x000006dc   0x000000ec   Code   RO          202    i.App_Handle        app.o
    0x000007c8   0x000007c8   0x0000002c   Code   RO          203    i.App_Init          app.o
    0x000007f4   0x000007f4   0x00000006   Code   RO          951    i.LL_FLASH_ClearFlag_EraseFinish  fm33lc0xx_ll_flash.o
    0x000007fa   0x000007fa   0x0000000c   Code   RO          952    i.LL_FLASH_GetFlashLockStatus  fm33lc0xx_ll_flash.o
    0x00000806   0x00000806   0x0000000e   Code   RO          953    i.LL_FLASH_IsActiveFlag_AuthenticationError  fm33lc0xx_ll_flash.o
    0x00000814   0x00000814   0x0000000e   Code   RO          954    i.LL_FLASH_IsActiveFlag_ClockError  fm33lc0xx_ll_flash.o
    0x00000822   0x00000822   0x00000010   Code   RO          955    i.LL_FLASH_IsActiveFlag_EraseFinish  fm33lc0xx_ll_flash.o
    0x00000832   0x00000832   0x0000000e   Code   RO          956    i.LL_FLASH_IsActiveFlag_KEYError  fm33lc0xx_ll_flash.o
    0x00000840   0x00000840   0x0000000c   Code   RO          957    i.LL_FLASH_IsActiveFlag_ProgramFinish  fm33lc0xx_ll_flash.o
    0x0000084c   0x0000084c   0x00000008   Code   RO          958    i.LL_FLASH_LockFlash  fm33lc0xx_ll_flash.o
    0x00000854   0x00000854   0x00000114   Code   RO          962    i.LL_FLASH_Program_Word  fm33lc0xx_ll_flash.o
    0x00000968   0x00000968   0x00000120   Code   RO          963    i.LL_FLASH_SectorErase  fm33lc0xx_ll_flash.o
    0x00000a88   0x00000a88   0x0000000e   Code   RO          964    i.LL_FLASH_SetFlashEraseType  fm33lc0xx_ll_flash.o
    0x00000a96   0x00000a96   0x00000012   Code   RO          965    i.LL_FLASH_StartErase  fm33lc0xx_ll_flash.o
    0x00000aa8   0x00000aa8   0x00000012   Code   RO          966    i.LL_FLASH_StartProgram  fm33lc0xx_ll_flash.o
    0x00000aba   0x00000aba   0x00000004   Code   RO          967    i.LL_FLASH_UnlockFlash  fm33lc0xx_ll_flash.o
    0x00000abe   0x00000abe   0x00000002   PAD
    0x00000ac0   0x00000ac0   0x0000008c   Code   RO         1089    i.LL_GPIO_ALLPIN_LPM_MODE  fm33lc0xx_ll_gpio.o
    0x00000b4c   0x00000b4c   0x0000019c   Code   RO         1091    i.LL_GPIO_Init      fm33lc0xx_ll_gpio.o
    0x00000ce8   0x00000ce8   0x0000000a   Code   RO         1092    i.LL_GPIO_SetOutputPin  fm33lc0xx_ll_gpio.o
    0x00000cf2   0x00000cf2   0x00000002   PAD
    0x00000cf4   0x00000cf4   0x00000018   Code   RO         1093    i.LL_GPIO_StructInit  fm33lc0xx_ll_gpio.o
    0x00000d0c   0x00000d0c   0x00000058   Code   RO         1684    i.LL_RCC_GetAHBClockFreq  fm33lc0xx_ll_rcc.o
    0x00000d64   0x00000d64   0x00000058   Code   RO         1685    i.LL_RCC_GetAPB1ClockFreq  fm33lc0xx_ll_rcc.o
    0x00000dbc   0x00000dbc   0x00000058   Code   RO         1686    i.LL_RCC_GetAPB2ClockFreq  fm33lc0xx_ll_rcc.o
    0x00000e14   0x00000e14   0x0000009c   Code   RO         1687    i.LL_RCC_GetPLLClockFreq  fm33lc0xx_ll_rcc.o
    0x00000eb0   0x00000eb0   0x00000050   Code   RO         1688    i.LL_RCC_GetRC4MClockFreq  fm33lc0xx_ll_rcc.o
    0x00000f00   0x00000f00   0x00000044   Code   RO         1689    i.LL_RCC_GetRCHFClockFreq  fm33lc0xx_ll_rcc.o
    0x00000f44   0x00000f44   0x00000050   Code   RO         1690    i.LL_RCC_GetSystemClockFreq  fm33lc0xx_ll_rcc.o
    0x00000f94   0x00000f94   0x00000024   Code   RO         1691    i.LL_RCC_GetUSBClockFreqToSysclk  fm33lc0xx_ll_rcc.o
    0x00000fb8   0x00000fb8   0x00000010   Code   RO         1995    i.LL_RCC_Group1_EnableOperationClock  fm33lc0xx_ll_uart.o
    0x00000fc8   0x00000fc8   0x00000010   Code   RO          968    i.LL_RCC_Group2_DisableOperationClock  fm33lc0xx_ll_flash.o
    0x00000fd8   0x00000fd8   0x00000010   Code   RO          969    i.LL_RCC_Group2_EnableBusClock  fm33lc0xx_ll_flash.o
    0x00000fe8   0x00000fe8   0x00000010   Code   RO          970    i.LL_RCC_Group2_EnableOperationClock  fm33lc0xx_ll_flash.o
    0x00000ff8   0x00000ff8   0x00000010   Code   RO         1997    i.LL_RCC_Group3_EnableBusClock  fm33lc0xx_ll_uart.o
    0x00001008   0x00001008   0x00000018   Code   RO          261    i.LL_RCC_SetRCHFFrequency  systick.o
    0x00001020   0x00001020   0x00000014   Code   RO          262    i.LL_RCC_SetRCHFTrimValue  systick.o
    0x00001034   0x00001034   0x000002d0   Code   RO         2001    i.LL_UART_Init      fm33lc0xx_ll_uart.o
    0x00001304   0x00001304   0x00000008   Code   RO          307    i.MF_GPIO_Config    mf_config.o
    0x0000130c   0x0000130c   0x00000078   Code   RO          468    i.NVIC_SetPriority  uart.o
    0x00001384   0x00001384   0x000000b4   Code   RO          168    i.SystemInit        system_fm33lc0xx.o
    0x00001438   0x00001438   0x00000050   Code   RO          469    i.UART0_IRQHandler  uart.o
    0x00001488   0x00001488   0x00000008   Code   RO          263    i.User_Systick_Init  systick.o
    0x00001490   0x00001490   0x0000001c   Code   RO         1601    i.__ARM_common_switch8  fm33lc0xx_ll_lpuart.o
    0x000014ac   0x000014ac   0x00000006   Code   RO          971    i.__get_PRIMASK     fm33lc0xx_ll_flash.o
    0x000014b2   0x000014b2   0x00000006   Code   RO          972    i.__set_PRIMASK     fm33lc0xx_ll_flash.o
    0x000014b8   0x000014b8   0x00000034   Code   RO          411    i.cal_crc16         iap.o
    0x000014ec   0x000014ec   0x00000154   Code   RO          264    i.clock_init        systick.o
    0x00001640   0x00001640   0x00000064   Code   RO          204    i.deinit_system     app.o
    0x000016a4   0x000016a4   0x00000030   Code   RO          374    i.flash_program_buff  flash.o
    0x000016d4   0x000016d4   0x00000006   Code   RO          375    i.flash_read_word   flash.o
    0x000016da   0x000016da   0x0000003e   Code   RO          376    i.flash_write_buff  flash.o
    0x00001718   0x00001718   0x00000094   Code   RO          412    i.iap_ack           iap.o
    0x000017ac   0x000017ac   0x00000012   Code   RO          414    i.iap_load_app      iap.o
    0x000017be   0x000017be   0x0000006a   Code   RO          415    i.iap_recv_proc     iap.o
    0x00001828   0x00001828   0x00000094   Code   RO          416    i.iap_write_flash   iap.o
    0x000018bc   0x000018bc   0x0000000c   Code   RO           12    i.main              main.o
    0x000018c8   0x000018c8   0x0000001c   Code   RO          470    i.uart_get_rx_cnt   uart.o
    0x000018e4   0x000018e4   0x000000f0   Code   RO          471    i.uart_init         uart.o
    0x000019d4   0x000019d4   0x0000000c   Code   RO          472    i.uart_isr_rx_timeout  uart.o
    0x000019e0   0x000019e0   0x0000007c   Code   RO          473    i.uart_recv_data    uart.o
    0x00001a5c   0x00001a5c   0x00000054   Code   RO          474    i.uart_recv_irq_proc  uart.o
    0x00001ab0   0x00001ab0   0x00000048   Code   RO          475    i.uart_transmit_buf  uart.o
    0x00001af8   0x00001af8   0x00000208   Data   RO          418    .constdata          iap.o
    0x00001d00   0x00001d00   0x00000020   Data   RO         2357    Region$$Table       anon$$obj.o


    Execution Region RW_IRAM1 (Exec base: 0x20000000, Load base: 0x00001d20, Size: 0x00001cc0, Max: 0x00006000, ABSOLUTE)

    Exec Addr    Load Addr    Size         Type   Attr      Idx    E Section Name        Object

    0x20000000   0x00001d20   0x00000028   Data   RW          206    .data               app.o
    0x20000028   0x00001d48   0x00000004   Data   RW          265    .data               systick.o
    0x2000002c        -       0x00000410   Zero   RW          205    .bss                app.o
    0x2000043c        -       0x00000400   Zero   RW          417    .bss                iap.o
    0x2000083c        -       0x00000420   Zero   RW          476    .bss                uart.o
    0x20000c5c        -       0x00000060   Zero   RW         2228    .bss                c_p.l(libspace.o)
    0x20000cbc   0x00001d4c   0x00000004   PAD
    0x20000cc0        -       0x00000800   Zero   RW            2    HEAP                startup_fm33lc0xx.o
    0x200014c0        -       0x00000800   Zero   RW            1    STACK               startup_fm33lc0xx.o


==============================================================================

Image component sizes


      Code (inc. data)   RO Data    RW Data    ZI Data      Debug   Object Name

       380         52          0         40       1040      15623   app.o
       116          4          0          0          0       2078   flash.o
       774         60          0          0          0      36543   fm33lc0xx_ll_flash.o
       586         30          0          0          0      34694   fm33lc0xx_ll_gpio.o
        28          0          0          0          0         76   fm33lc0xx_ll_lpuart.o
       684        104          0          0          0      24031   fm33lc0xx_ll_rcc.o
       752         28          0          0          0      30119   fm33lc0xx_ll_uart.o
       472         36        520          0       1024       4804   iap.o
        12          0          0          0          0     111723   main.o
         8          0          0          0          0        425   mf_config.o
        56         26        192          0       4096        704   startup_fm33lc0xx.o
       180         16          0          0          0      94281   system_fm33lc0xx.o
       392         34          0          4          0      20922   systick.o
       760         66          0          0       1056      18706   uart.o

    ----------------------------------------------------------------------
      5204        456        744         44       7216     394729   Object Totals
         0          0         32          0          0          0   (incl. Generated)
         4          0          0          0          0          0   (incl. Padding)

    ----------------------------------------------------------------------

      Code (inc. data)   RO Data    RW Data    ZI Data      Debug   Library Member Name

         8          0          0          0          0         68   __main.o
       108          0          0          0          0         76   __printf.o
         0          0          0          0          0          0   __rtentry.o
        12          0          0          0          0          0   __rtentry2.o
         6          0          0          0          0          0   __rtentry4.o
        60          8          0          0          0          0   __scatter.o
        26          0          0          0          0          0   __scatter_copy.o
        28          0          0          0          0          0   __scatter_zi.o
        48          6          0          0          0         88   _printf_char_common.o
        10          0          0          0          0          0   _printf_d.o
       108         18          0          0          0         76   _printf_dec.o
       176          0          0          0          0         84   _printf_intcommon.o
         2          0          0          0          0          0   _printf_percent.o
         4          0          0          0          0          0   _printf_percent_end.o
        10          0          0          0          0         60   _sputc.o
       346          0          0          0          0         92   aeabi_sdiv.o
        16          0          0          0          0         68   exit.o
         6          0          0          0          0        136   heapauxi.o
         0          0          0          0          0          0   indicate_semi.o
         2          0          0          0          0          0   libinit.o
         2          0          0          0          0          0   libinit2.o
         2          0          0          0          0          0   libshutdown.o
         2          0          0          0          0          0   libshutdown2.o
         8          4          0          0         96         68   libspace.o
        40          4          0          0          0         84   noretval__2sprintf.o
        64          0          0          0          0        108   rt_memclr.o
       186          0          0          0          0        144   rt_memcpy.o
         2          0          0          0          0          0   rtexit.o
        10          0          0          0          0          0   rtexit2.o
        40          0          0          0          0         60   rtudiv10.o
        24          0          0          0          0         60   strcat.o
        68          6          0          0          0         72   strlen.o
        12          4          0          0          0         60   sys_exit.o
        62          0          0          0          0         80   sys_stackheap_outer.o
         2          0          0          0          0         68   use_no_semi.o

    ----------------------------------------------------------------------
      1508         50          0          0        100       1552   Library Totals
         8          0          0          0          4          0   (incl. Padding)

    ----------------------------------------------------------------------

      Code (inc. data)   RO Data    RW Data    ZI Data      Debug   Library Name

      1500         50          0          0         96       1552   c_p.l

    ----------------------------------------------------------------------
      1508         50          0          0        100       1552   Library Totals

    ----------------------------------------------------------------------

==============================================================================


      Code (inc. data)   RO Data    RW Data    ZI Data      Debug   

      6712        506        744         44       7316     393005   Grand Totals
      6712        506        744         44       7316     393005   ELF Image Totals
      6712        506        744         44          0          0   ROM Totals

==============================================================================

    Total RO  Size (Code + RO Data)                 7456 (   7.28kB)
    Total RW  Size (RW Data + ZI Data)              7360 (   7.19kB)
    Total ROM Size (Code + RO Data + RW Data)       7500 (   7.32kB)

==============================================================================

